
==============================================================================
CKM PRESENTATION-ONLY ELIMINATION CERTIFICATE
==============================================================================
/tmp/sage_a8dep92a/ckm_presentation_eliminationx9lg7pn0.sage.py:46: DeprecationWarning: Use sage.version.version instead.
See https://github.com/sagemath/sage/issues/39015 for details.
  print("Sage version =", version())
Sage version = SageMath version 10.9, Release Date: 2026-05-04
Python = 3.13.14
PROVENANCE RULE: m_mu is not used in the presentation ideal.
relator = ababbAAbb
mu = Abb
longitude = AAbA
filling word mu^(-5)*longitude^2 = BBaBBaBBaBBaBBaAAbAAAbA

==============================================================================
PRESENTATION-ONLY IDEAL GENERATORS
==============================================================================
Number of generators: 10
Generators (m_mu has not yet been defined):
GENERATOR 0 = z*u + u^2 + 1
GENERATOR 0 total degree = 2
GENERATOR 0 coefficient-text SHA256 = 3B3ACF917C0239F64F45327D0581B30B0E54FDF6BD8656590ABAAC4092555225
GENERATOR 1 = x^3*y^2*z^2*u + x^3*y^2*z*u^2 + x^2*y^3*z^2 + x^2*y^3*z*u + 2*x^2*y*z^2*u^2 + 3*x^2*y*z*u^3 + x^2*y*u^4 - x*y^2*z^3 - 2*x*y^2*z^2*u - x*y^2*z*u^2 + x*z^2*u^3 + 2*x*z*u^4 + x*u^5 - y^3*z^2 - y^3*z*u - 2*y*z^3*u - 5*y*z^2*u^2 - 4*y*z*u^3 - y*u^4 - 1
GENERATOR 1 total degree = 8
GENERATOR 1 coefficient-text SHA256 = 4CE8B4D0FC44FE04A44ACCEB15C8FF5386B6A247A15F22288227320A623C1D07
GENERATOR 2 = -x^3*y^3*z*u - x^3*y*z^2*u^2 - x^3*y*z*u^3 - x^2*y^4*z - x^2*y^2*z^2*u - 3*x^2*y^2*z*u^2 - x^2*y^2*u^3 - x^2*z^2*u^3 - 2*x^2*z*u^4 - x^2*u^5 + x*y^3*z^2 + x*y^3*z*u + x*y*z^3*u + 3*x*y*z^2*u^2 + x*y*z*u^3 - x*y*u^4 + y^4*z + 3*y^2*z^2*u + 4*y^2*z*u^2 + z^3*u^2 + y^2*u^3 + 3*z^2*u^3 + 3*z*u^4 + u^5
GENERATOR 2 total degree = 8
GENERATOR 2 coefficient-text SHA256 = F13EE4B6EFB7C803AAE49C1529D476640CD3B9DF79EE24530FE84F708985607F
GENERATOR 3 = -x^2*y^2*z*u^2 - x^2*y^2*u^3 + x*y*z^2*u^2 + x*y*z*u^3 + y^2*z*u^2 + y^2*u^3 + z^2*u^3 + 2*z*u^4 + u^5
GENERATOR 3 total degree = 7
GENERATOR 3 coefficient-text SHA256 = FD374CFD96727C05B49AB81399ECBD4E7FFEEB8E3A25D596F3B784F73B88A982
GENERATOR 4 = x^2*y^3*u^2 + x^2*y*z*u^3 + x^2*y*u^4 - x*y^2*z*u^2 - x*z^2*u^3 - 2*x*z*u^4 - x*u^5 - y^3*u^2 - 2*y*z*u^3 - 2*y*u^4 - 1
GENERATOR 4 total degree = 7
GENERATOR 4 coefficient-text SHA256 = 6D877E11B127E2246754022691F1EB7EA03DC872CC861C45C21F397E835C03AA
GENERATOR 5 = -x^8*y^11*u - 4*x^8*y^9*z*u^2 - 4*x^8*y^9*u^3 - 6*x^8*y^7*z^2*u^3 - 12*x^8*y^7*z*u^4 - 4*x^8*y^5*z^3*u^4 - 6*x^8*y^7*u^5 - 12*x^8*y^5*z^2*u^5 - x^8*y^3*z^4*u^5 - 12*x^8*y^5*z*u^6 - 4*x^8*y^3*z^3*u^6 - 4*x^8*y^5*u^7 - 6*x^8*y^3*z^2*u^7 - 4*x^8*y^3*z*u^8 - x^8*y^3*u^9 - x^7*y^12 - 6*x^7*y^10*u^2 + 7*x^7*y^8*z^2*u^2 - 6*x^7*y^8*z*u^3 + 11*x^7*y^6*z^3*u^3 - 13*x^7*y^8*u^4 + 9*x^7*y^6*z^2*u^4 + 6*x^7*y^4*z^4*u^4 - 15*x^7*y^6*z*u^5 + 12*x^7*y^4*z^3*u^5 + x^7*y^2*z^5*u^5 - 13*x^7*y^6*u^6 + 3*x^7*y^2*z^4*u^6 - 12*x^7*y^4*z*u^7 + 2*x^7*y^2*z^3*u^7 - 6*x^7*y^4*u^8 - 2*x^7*y^2*z^2*u^8 - 3*x^7*y^2*z*u^9 - x^7*y^2*u^10 + 5*x^6*y^11*z + 2*x^6*y^11*u + 11*x^6*y^9*z^2*u + 34*x^6*y^9*z*u^2 + 6*x^6*y^7*z^3*u^2 + 8*x^6*y^9*u^3 + 68*x^6*y^7*z^2*u^3 - x^6*y^5*z^4*u^3 + 78*x^6*y^7*z*u^4 + 50*x^6*y^5*z^3*u^4 - x^6*y^3*z^5*u^4 + 16*x^6*y^7*u^5 + 120*x^6*y^5*z^2*u^5 + 16*x^6*y^3*z^4*u^5 + 86*x^6*y^5*z*u^6 + 62*x^6*y^3*z^3*u^6 + 2*x^6*y*z^5*u^6 + 17*x^6*y^5*u^7 + 80*x^6*y^3*z^2*u^7 + 9*x^6*y*z^4*u^7 + 43*x^6*y^3*z*u^8 + 16*x^6*y*z^3*u^8 + 8*x^6*y^3*u^9 + 14*x^6*y*z^2*u^9 + 6*x^6*y*z*u^10 + x^6*y*u^11 + 2*x^5*y^12 - 10*x^5*y^10*z^2 + 2*x^5*y^10*z*u - 24*x^5*y^8*z^3*u + 13*x^5*y^10*u^2 - 46*x^5*y^8*z^2*u^2 - 20*x^5*y^6*z^4*u^2 + 32*x^5*y^8*z*u^3 - 90*x^5*y^6*z^3*u^3 - 7*x^5*y^4*z^5*u^3 + 34*x^5*y^8*u^4 - 32*x^5*y^6*z^2*u^4 - 57*x^5*y^4*z^4*u^4 - x^5*y^2*z^6*u^4 + 86*x^5*y^6*z*u^5 - 70*x^5*y^4*z^3*u^5 - 12*x^5*y^2*z^5*u^5 + 48*x^5*y^6*u^6 + 38*x^5*y^4*z^2*u^6 - 23*x^5*y^2*z^4*u^6 + 93*x^5*y^4*z*u^7 + 4*x^5*y^2*z^3*u^7 + x^5*z^5*u^7 + 35*x^5*y^4*u^8 + 45*x^5*y^2*z^2*u^8 + 5*x^5*z^4*u^8 + 40*x^5*y^2*z*u^9 + 10*x^5*z^3*u^9 + 11*x^5*y^2*u^10 + 10*x^5*z^2*u^10 + 5*x^5*z*u^11 + x^5*u^12 - 9*x^4*y^11*z + 10*x^4*y^9*z^3 - 25*x^4*y^9*z^2*u + 21*x^4*y^7*z^4*u - 49*x^4*y^9*z*u^2 - 4*x^4*y^7*z^3*u^2 + 14*x^4*y^5*z^5*u^2 + x^4*y^9*u^3 - 148*x^4*y^7*z^2*u^3 + 15*x^4*y^5*z^4*u^3 + 3*x^4*y^3*z^6*u^3 - 112*x^4*y^7*z*u^4 - 155*x^4*y^5*z^3*u^4 + 3*x^4*y^3*z^5*u^4 - 4*x^4*y^7*u^5 - 291*x^4*y^5*z^2*u^5 - 81*x^4*y^3*z^4*u^5 - 2*x^4*y*z^6*u^5 - 147*x^4*y^5*z*u^6 - 236*x^4*y^3*z^3*u^6 - 20*x^4*y*z^5*u^6 - 12*x^4*y^5*u^7 - 243*x^4*y^3*z^2*u^7 - 63*x^4*y*z^4*u^7 - 99*x^4*y^3*z*u^8 - 92*x^4*y*z^3*u^8 - 11*x^4*y^3*u^9 - 68*x^4*y*z^2*u^9 - 24*x^4*y*z*u^10 - 3*x^4*y*u^11 + 16*x^3*y^10*z^2 - 5*x^3*y^8*z^4 + 44*x^3*y^8*z^3*u - 8*x^3*y^6*z^5*u + 64*x^3*y^8*z^2*u^2 + 44*x^3*y^6*z^4*u^2 - 3*x^3*y^4*z^6*u^2 - 16*x^3*y^8*z*u^3 + 160*x^3*y^6*z^3*u^3 + 26*x^3*y^4*z^5*u^3 - 6*x^3*y^8*u^4 + 62*x^3*y^6*z^2*u^4 + 141*x^3*y^4*z^4*u^4 + 8*x^3*y^2*z^6*u^4 - 68*x^3*y^6*z*u^5 + 143*x^3*y^4*z^3*u^5 + 43*x^3*y^2*z^5*u^5 - 28*x^3*y^6*u^6 - 53*x^3*y^4*z^2*u^6 + 57*x^3*y^2*z^4*u^6 - x^3*z^6*u^6 - 123*x^3*y^4*z*u^7 - 29*x^3*y^2*z^3*u^7 - 9*x^3*z^5*u^7 - 39*x^3*y^4*u^8 - 119*x^3*y^2*z^2*u^8 - 30*x^3*z^4*u^8 - 90*x^3*y^2*z*u^9 - 50*x^3*z^3*u^9 - 22*x^3*y^2*u^10 - 45*x^3*z^2*u^10 - 21*x^3*z*u^11 - 4*x^3*u^12 - 14*x^2*y^9*z^3 + x^2*y^7*z^5 - 32*x^2*y^7*z^4*u + x^2*y^5*z^6*u - 31*x^2*y^7*z^3*u^2 - 26*x^2*y^5*z^5*u^2 + 36*x^2*y^7*z^2*u^3 - 47*x^2*y^5*z^4*u^3 - 9*x^2*y^3*z^6*u^3 + 15*x^2*y^7*z*u^4 + 68*x^2*y^5*z^3*u^4 - 15*x^2*y^3*z^5*u^4 + 138*x^2*y^5*z^2*u^5 + 71*x^2*y^3*z^4*u^5 + 6*x^2*y*z^6*u^5 + 48*x^2*y^5*z*u^6 + 203*x^2*y^3*z^3*u^6 + 40*x^2*y*z^5*u^6 - 3*x^2*y^5*u^7 + 178*x^2*y^3*z^2*u^7 + 101*x^2*y*z^4*u^7 + 52*x^2*y^3*z*u^8 + 124*x^2*y*z^3*u^8 + 76*x^2*y*z^2*u^9 + 20*x^2*y*z*u^10 + x^2*y*u^11 + 6*x*y^8*z^4 + 10*x*y^6*z^5*u + x*y^6*z^4*u^2 + 4*x*y^4*z^6*u^2 - 28*x*y^6*z^3*u^3 - 8*x*y^4*z^5*u^3 - 12*x*y^6*z^2*u^4 - 60*x*y^4*z^4*u^4 - 7*x*y^2*z^6*u^4 - 66*x*y^4*z^3*u^5 - 33*x*y^2*z^5*u^5 - 6*x*y^4*z^2*u^6 - 46*x*y^2*z^4*u^6 + x*z^6*u^6 + 14*x*y^4*z*u^7 - 3*x*y^2*z^3*u^7 + 8*x*z^5*u^7 + 2*x*y^4*u^8 + 42*x*y^2*z^2*u^8 + 25*x*z^4*u^8 + 32*x*y^2*z*u^9 + 40*x*z^3*u^9 + 7*x*y^2*u^10 + 35*x*z^2*u^10 + 16*x*z*u^11 + 3*x*u^12 - y^7*z^5 - y^5*z^6*u + 2*y^5*z^5*u^2 + 7*y^5*z^4*u^3 + 3*y^3*z^6*u^3 + 3*y^5*z^3*u^4 + 9*y^3*z^5*u^4 + 4*y^3*z^4*u^5 - y*z^6*u^5 - 8*y^3*z^3*u^6 - 7*y*z^5*u^6 - 7*y^3*z^2*u^7 - 17*y*z^4*u^7 - y^3*z*u^8 - 18*y*z^3*u^8 - 7*y*z^2*u^9 + y*z*u^10 + y*u^11 - 1
GENERATOR 5 total degree = 20
GENERATOR 5 coefficient-text SHA256 = C55C2E2CA1D424251F2DAAF222FC7154F04FCCF4D83AED7E5B9BDC3E1B4F6027
GENERATOR 6 = x^9*y^11*u + 4*x^9*y^9*z*u^2 + 4*x^9*y^9*u^3 + 6*x^9*y^7*z^2*u^3 + 12*x^9*y^7*z*u^4 + 4*x^9*y^5*z^3*u^4 + 6*x^9*y^7*u^5 + 12*x^9*y^5*z^2*u^5 + x^9*y^3*z^4*u^5 + 12*x^9*y^5*z*u^6 + 4*x^9*y^3*z^3*u^6 + 4*x^9*y^5*u^7 + 6*x^9*y^3*z^2*u^7 + 4*x^9*y^3*z*u^8 + x^9*y^3*u^9 + x^8*y^12 - x^8*y^10*z*u + 5*x^8*y^10*u^2 - 11*x^8*y^8*z^2*u^2 - 2*x^8*y^8*z*u^3 - 17*x^8*y^6*z^3*u^3 + 9*x^8*y^8*u^4 - 27*x^8*y^6*z^2*u^4 - 10*x^8*y^4*z^4*u^4 - 3*x^8*y^6*z*u^5 - 28*x^8*y^4*z^3*u^5 - 2*x^8*y^2*z^5*u^5 + 7*x^8*y^6*u^6 - 24*x^8*y^4*z^2*u^6 - 8*x^8*y^2*z^4*u^6 - 4*x^8*y^4*z*u^7 - 12*x^8*y^2*z^3*u^7 + 2*x^8*y^4*u^8 - 8*x^8*y^2*z^2*u^8 - 2*x^8*y^2*z*u^9 - 6*x^7*y^11*z - 3*x^7*y^11*u - 11*x^7*y^9*z^2*u - 39*x^7*y^9*z*u^2 + x^7*y^7*z^3*u^2 - 13*x^7*y^9*u^3 - 63*x^7*y^7*z^2*u^3 + 12*x^7*y^5*z^4*u^3 - 89*x^7*y^7*z*u^4 - 24*x^7*y^5*z^3*u^4 + 7*x^7*y^3*z^5*u^4 - 25*x^7*y^7*u^5 - 108*x^7*y^5*z^2*u^5 + 6*x^7*y^3*z^4*u^5 + x^7*y*z^6*u^5 - 96*x^7*y^5*z*u^6 - 34*x^7*y^3*z^3*u^6 + 3*x^7*y*z^5*u^6 - 24*x^7*y^5*u^7 - 68*x^7*y^3*z^2*u^7 + x^7*y*z^4*u^7 - 45*x^7*y^3*z*u^8 - 6*x^7*y*z^3*u^8 - 10*x^7*y^3*u^9 - 9*x^7*y*z^2*u^9 - 5*x^7*y*z*u^10 - x^7*y*u^11 - 2*x^6*y^12 + 15*x^6*y^10*z^2 + 6*x^6*y^10*z*u + 35*x^6*y^8*z^3*u - 10*x^6*y^10*u^2 + 91*x^6*y^8*z^2*u^2 + 26*x^6*y^6*z^4*u^2 + 15*x^6*y^8*z*u^3 + 157*x^6*y^6*z^3*u^3 + 6*x^6*y^4*z^5*u^3 - 21*x^6*y^8*u^4 + 173*x^6*y^6*z^2*u^4 + 95*x^6*y^4*z^4*u^4 + 19*x^6*y^6*z*u^5 + 214*x^6*y^4*z^3*u^5 + 21*x^6*y^2*z^5*u^5 - 23*x^6*y^6*u^6 + 156*x^6*y^4*z^2*u^6 + 79*x^6*y^2*z^4*u^6 + x^6*z^6*u^6 + 20*x^6*y^4*z*u^7 + 110*x^6*y^2*z^3*u^7 + 5*x^6*z^5*u^7 - 11*x^6*y^4*u^8 + 66*x^6*y^2*z^2*u^8 + 10*x^6*z^4*u^8 + 13*x^6*y^2*z*u^9 + 10*x^6*z^3*u^9 - x^6*y^2*u^10 + 5*x^6*z^2*u^10 + x^6*z*u^11 + 11*x^5*y^11*z - 20*x^5*y^9*z^3 + 2*x^5*y^11*u + 12*x^5*y^9*z^2*u - 45*x^5*y^7*z^4*u + 57*x^5*y^9*z*u^2 - 77*x^5*y^7*z^3*u^2 - 34*x^5*y^5*z^5*u^2 + 10*x^5*y^9*u^3 + 93*x^5*y^7*z^2*u^3 - 131*x^5*y^5*z^4*u^3 - 10*x^5*y^3*z^6*u^3 + 139*x^5*y^7*z*u^4 - 28*x^5*y^5*z^3*u^4 - 66*x^5*y^3*z^5*u^4 - x^5*y*z^7*u^4 + 29*x^5*y^7*u^5 + 222*x^5*y^5*z^2*u^5 - 80*x^5*y^3*z^4*u^5 - 10*x^5*y*z^6*u^5 + 194*x^5*y^5*z*u^6 + 76*x^5*y^3*z^3*u^6 - 23*x^5*y*z^5*u^6 + 41*x^5*y^5*u^7 + 204*x^5*y^3*z^2*u^7 - 7*x^5*y*z^4*u^7 + 130*x^5*y^3*z*u^8 + 37*x^5*y*z^3*u^8 + 26*x^5*y^3*u^9 + 52*x^5*y*z^2*u^9 + 27*x^5*y*z*u^10 + 5*x^5*y*u^11 - 25*x^4*y^10*z^2 + 15*x^4*y^8*z^4 - 10*x^4*y^10*z*u - 49*x^4*y^8*z^3*u + 29*x^4*y^6*z^5*u - x^4*y^10*u^2 - 125*x^4*y^8*z^2*u^2 - 3*x^4*y^6*z^4*u^2 + 17*x^4*y^4*z^6*u^2 - 35*x^4*y^8*z*u^3 - 238*x^4*y^6*z^3*u^3 + 23*x^4*y^4*z^5*u^3 + 3*x^4*y^2*z^7*u^3 + x^4*y^8*u^4 - 272*x^4*y^6*z^2*u^4 - 176*x^4*y^4*z^4*u^4 + 5*x^4*y^2*z^6*u^4 - 64*x^4*y^6*z*u^5 - 432*x^4*y^4*z^3*u^5 - 64*x^4*y^2*z^5*u^5 - x^4*z^7*u^5 + 8*x^4*y^6*u^6 - 328*x^4*y^4*z^2*u^6 - 235*x^4*y^2*z^4*u^6 - 10*x^4*z^6*u^6 - 73*x^4*y^4*z*u^7 - 318*x^4*y^2*z^3*u^7 - 36*x^4*z^5*u^7 + 5*x^4*y^4*u^8 - 196*x^4*y^2*z^2*u^8 - 65*x^4*z^4*u^8 - 49*x^4*y^2*z*u^9 - 65*x^4*z^3*u^9 - 2*x^4*y^2*u^10 - 36*x^4*z^2*u^10 - 10*x^4*z*u^11 - x^4*u^12 + 30*x^3*y^9*z^3 - 6*x^3*y^7*z^5 + 20*x^3*y^9*z^2*u + 61*x^3*y^7*z^4*u - 9*x^3*y^5*z^6*u + 4*x^3*y^9*z*u^2 + 133*x^3*y^7*z^3*u^2 + 41*x^3*y^5*z^5*u^2 - 3*x^3*y^3*z^7*u^2 + 36*x^3*y^7*z^2*u^3 + 204*x^3*y^5*z^4*u^3 + 18*x^3*y^3*z^6*u^3 - 17*x^3*y^7*z*u^4 + 177*x^3*y^5*z^3*u^4 + 134*x^3*y^3*z^5*u^4 + 5*x^3*y*z^7*u^4 - 6*x^3*y^7*u^5 - 39*x^3*y^5*z^2*u^5 + 218*x^3*y^3*z^4*u^5 + 33*x^3*y*z^6*u^5 - 81*x^3*y^5*z*u^6 + 64*x^3*y^3*z^3*u^6 + 74*x^3*y*z^5*u^6 - 18*x^3*y^5*u^7 - 119*x^3*y^3*z^2*u^7 + 59*x^3*y*z^4*u^7 - 99*x^3*y^3*z*u^8 - 19*x^3*y*z^3*u^8 - 21*x^3*y^3*u^9 - 61*x^3*y*z^2*u^9 - 36*x^3*y*z*u^10 - 7*x^3*y*u^11 - 20*x^2*y^8*z^4 + x^2*y^6*z^6 - 20*x^2*y^8*z^3*u - 36*x^2*y^6*z^5*u + x^2*y^4*z^7*u - 6*x^2*y^8*z^2*u^2 - 69*x^2*y^6*z^4*u^2 - 21*x^2*y^4*z^6*u^2 + 2*x^2*y^6*z^3*u^3 - 60*x^2*y^4*z^5*u^3 - 6*x^2*y^2*z^7*u^3 + 48*x^2*y^6*z^2*u^4 + 24*x^2*y^4*z^4*u^4 - 19*x^2*y^2*z^6*u^4 + 24*x^2*y^6*z*u^5 + 182*x^2*y^4*z^3*u^5 + 25*x^2*y^2*z^5*u^5 + 2*x^2*z^7*u^5 + 3*x^2*y^6*u^6 + 174*x^2*y^4*z^2*u^6 + 168*x^2*y^2*z^4*u^6 + 17*x^2*z^6*u^6 + 61*x^2*y^4*z*u^7 + 261*x^2*y^2*z^3*u^7 + 58*x^2*z^5*u^7 + 7*x^2*y^4*u^8 + 184*x^2*y^2*z^2*u^8 + 105*x^2*z^4*u^8 + 60*x^2*y^2*z*u^9 + 110*x^2*z^3*u^9 + 7*x^2*y^2*u^10 + 67*x^2*z^2*u^10 + 22*x^2*z*u^11 + 3*x^2*u^12 + 7*x*y^7*z^5 + 10*x*y^7*z^4*u + 10*x*y^5*z^6*u + 4*x*y^7*z^3*u^2 + 14*x*y^5*z^5*u^2 + 3*x*y^3*z^7*u^2 - 22*x*y^5*z^4*u^3 - 4*x*y^3*z^6*u^3 - 49*x*y^5*z^3*u^4 - 61*x*y^3*z^5*u^4 - 4*x*y*z^7*u^4 - 30*x*y^5*z^2*u^5 - 132*x*y^3*z^4*u^5 - 26*x*y*z^6*u^5 - 6*x*y^5*z*u^6 - 117*x*y^3*z^3*u^6 - 65*x*y*z^5*u^6 - 42*x*y^3*z^2*u^7 - 78*x*y*z^4*u^7 - x*y^3*z*u^8 - 42*x*y*z^3*u^8 + 2*x*y^3*u^9 - 2*x*y*z^2*u^9 + 7*x*y*z*u^10 + 2*x*y*u^11 - y^6*z^6 - 2*y^6*z^5*u - y^4*z^7*u - y^6*z^4*u^2 + 9*y^4*z^5*u^3 + 3*y^2*z^7*u^3 + 17*y^4*z^4*u^4 + 14*y^2*z^6*u^4 + 12*y^4*z^3*u^5 + 24*y^2*z^5*u^5 - z^7*u^5 + 3*y^4*z^2*u^6 + 15*y^2*z^4*u^6 - 7*z^6*u^6 - 5*y^2*z^3*u^7 - 21*z^5*u^7 - 12*y^2*z^2*u^8 - 35*z^4*u^8 - 6*y^2*z*u^9 - 35*z^3*u^9 - y^2*u^10 - 21*z^2*u^10 - 7*z*u^11 - u^12
GENERATOR 6 total degree = 21
GENERATOR 6 coefficient-text SHA256 = 291BD41D7415F4A9D1D2E74B265464BD1FF53A4D7AC3D7B1FC0C6CC7DE40860E
GENERATOR 7 = -x^8*y^10*z*u - x^8*y^10*u^2 - 3*x^8*y^8*z^2*u^2 - 6*x^8*y^8*z*u^3 - 3*x^8*y^6*z^3*u^3 - 3*x^8*y^8*u^4 - 9*x^8*y^6*z^2*u^4 - x^8*y^4*z^4*u^4 - 9*x^8*y^6*z*u^5 - 4*x^8*y^4*z^3*u^5 - 3*x^8*y^6*u^6 - 6*x^8*y^4*z^2*u^6 - 4*x^8*y^4*z*u^7 - x^8*y^4*u^8 - x^7*y^11*z - x^7*y^11*u + x^7*y^9*z^2*u - 4*x^7*y^9*z*u^2 + 6*x^7*y^7*z^3*u^2 - 5*x^7*y^9*u^3 + 3*x^7*y^7*z^2*u^3 + 5*x^7*y^5*z^4*u^3 - 12*x^7*y^7*z*u^4 + 8*x^7*y^5*z^3*u^4 + x^7*y^3*z^5*u^4 - 9*x^7*y^7*u^5 - 6*x^7*y^5*z^2*u^5 + 2*x^7*y^3*z^4*u^5 - 16*x^7*y^5*z*u^6 - 2*x^7*y^3*z^3*u^6 - 7*x^7*y^5*u^7 - 8*x^7*y^3*z^2*u^7 - 7*x^7*y^3*z*u^8 - 2*x^7*y^3*u^9 + 5*x^6*y^10*z^2 + 7*x^6*y^10*z*u + 6*x^6*y^8*z^3*u + 2*x^6*y^10*u^2 + 32*x^6*y^8*z^2*u^2 + 31*x^6*y^8*z*u^3 + 36*x^6*y^6*z^3*u^3 - x^6*y^4*z^5*u^3 + 5*x^6*y^8*u^4 + 78*x^6*y^6*z^2*u^4 + 17*x^6*y^4*z^4*u^4 + 48*x^6*y^6*z*u^5 + 60*x^6*y^4*z^3*u^5 + 3*x^6*y^2*z^5*u^5 + 6*x^6*y^6*u^6 + 68*x^6*y^4*z^2*u^6 + 12*x^6*y^2*z^4*u^6 + 29*x^6*y^4*z*u^7 + 18*x^6*y^2*z^3*u^7 + 3*x^6*y^4*u^8 + 12*x^6*y^2*z^2*u^8 + 3*x^6*y^2*z*u^9 + 2*x^5*y^11*z - 10*x^5*y^9*z^3 + 2*x^5*y^11*u - 10*x^5*y^9*z^2*u - 14*x^5*y^7*z^4*u + 11*x^5*y^9*z*u^2 - 46*x^5*y^7*z^3*u^2 - 6*x^5*y^5*z^5*u^2 + 11*x^5*y^9*u^3 - 5*x^5*y^7*z^2*u^3 - 43*x^5*y^5*z^4*u^3 - x^5*y^3*z^6*u^3 + 52*x^5*y^7*z*u^4 - 34*x^5*y^5*z^3*u^4 - 12*x^5*y^3*z^5*u^4 + 25*x^5*y^7*u^5 + 66*x^5*y^5*z^2*u^5 - 11*x^5*y^3*z^4*u^5 + 92*x^5*y^5*z*u^6 + 44*x^5*y^3*z^3*u^6 + 3*x^5*y*z^5*u^6 + 29*x^5*y^5*u^7 + 93*x^5*y^3*z^2*u^7 + 14*x^5*y*z^4*u^7 + 64*x^5*y^3*z*u^8 + 26*x^5*y*z^3*u^8 + 15*x^5*y^3*u^9 + 24*x^5*y*z^2*u^9 + 11*x^5*y*z*u^10 + 2*x^5*y*u^11 - 9*x^4*y^10*z^2 + 10*x^4*y^8*z^4 - 9*x^4*y^10*z*u - 6*x^4*y^8*z^3*u + 11*x^4*y^6*z^5*u - 54*x^4*y^8*z^2*u^2 + 7*x^4*y^6*z^4*u^2 + 3*x^4*y^4*z^6*u^2 - 35*x^4*y^8*z*u^3 - 102*x^4*y^6*z^3*u^3 + 3*x^4*y^8*u^4 - 162*x^4*y^6*z^2*u^4 - 87*x^4*y^4*z^4*u^4 - 3*x^4*y^2*z^6*u^4 - 60*x^4*y^6*z*u^5 - 210*x^4*y^4*z^3*u^5 - 29*x^4*y^2*z^5*u^5 + 4*x^4*y^6*u^6 - 168*x^4*y^4*z^2*u^6 - 78*x^4*y^2*z^4*u^6 - 36*x^4*y^4*z*u^7 - 85*x^4*y^2*z^3*u^7 + x^4*z^5*u^7 + 6*x^4*y^4*u^8 - 32*x^4*y^2*z^2*u^8 + 5*x^4*z^4*u^8 + 6*x^4*y^2*z*u^9 + 10*x^4*z^3*u^9 + 5*x^4*y^2*u^10 + 10*x^4*z^2*u^10 + 5*x^4*z*u^11 + x^4*u^12 + 16*x^3*y^9*z^3 - 5*x^3*y^7*z^5 + 16*x^3*y^9*z^2*u + 23*x^3*y^7*z^4*u - 3*x^3*y^5*z^6*u + 69*x^3*y^7*z^3*u^2 + 22*x^3*y^5*z^5*u^2 + 18*x^3*y^7*z^2*u^3 + 104*x^3*y^5*z^4*u^3 + 10*x^3*y^3*z^6*u^3 - 29*x^3*y^7*z*u^4 + 76*x^3*y^5*z^3*u^4 + 44*x^3*y^3*z^5*u^4 - 6*x^3*y^7*u^5 - 72*x^3*y^5*z^2*u^5 + 22*x^3*y^3*z^4*u^5 - 3*x^3*y*z^6*u^5 - 90*x^3*y^5*z*u^6 - 116*x^3*y^3*z^3*u^6 - 26*x^3*y*z^5*u^6 - 21*x^3*y^5*u^7 - 193*x^3*y^3*z^2*u^7 - 80*x^3*y*z^4*u^7 - 110*x^3*y^3*z*u^8 - 120*x^3*y*z^3*u^8 - 21*x^3*y^3*u^9 - 95*x^3*y*z^2*u^9 - 38*x^3*y*z*u^10 - 6*x^3*y*u^11 - 14*x^2*y^8*z^4 + x^2*y^6*z^6 - 14*x^2*y^8*z^3*u - 17*x^2*y^6*z^5*u - 26*x^2*y^6*z^4*u^2 - 10*x^2*y^4*z^6*u^2 + 37*x^2*y^6*z^3*u^3 - 13*x^2*y^4*z^5*u^3 + 60*x^2*y^6*z^2*u^4 + 73*x^2*y^4*z^4*u^4 + 11*x^2*y^2*z^6*u^4 + 15*x^2*y^6*z*u^5 + 169*x^2*y^4*z^3*u^5 + 64*x^2*y^2*z^5*u^5 + 111*x^2*y^4*z^2*u^6 + 132*x^2*y^2*z^4*u^6 - x^2*z^6*u^6 + 11*x^2*y^4*z*u^7 + 114*x^2*y^2*z^3*u^7 - 8*x^2*z^5*u^7 - 7*x^2*y^4*u^8 + 25*x^2*y^2*z^2*u^8 - 25*x^2*z^4*u^8 - 18*x^2*y^2*z*u^9 - 40*x^2*z^3*u^9 - 8*x^2*y^2*u^10 - 35*x^2*z^2*u^10 - 16*x^2*z*u^11 - 3*x^2*u^12 + 6*x*y^7*z^5 + 6*x*y^7*z^4*u + 4*x*y^5*z^6*u - 6*x*y^5*z^5*u^2 - 43*x*y^5*z^4*u^3 - 10*x*y^3*z^6*u^3 - 45*x*y^5*z^3*u^4 - 40*x*y^3*z^5*u^4 - 12*x*y^5*z^2*u^5 - 41*x*y^3*z^4*u^5 + 4*x*y*z^6*u^5 + 16*x*y^3*z^3*u^6 + 27*x*y*z^5*u^6 + 47*x*y^3*z^2*u^7 + 71*x*y*z^4*u^7 + 22*x*y^3*z*u^8 + 94*x*y*z^3*u^8 + 2*x*y^3*u^9 + 66*x*y*z^2*u^9 + 23*x*y*z*u^10 + 3*x*y*u^11 - y^6*z^6 - y^6*z^5*u + 4*y^4*z^6*u^2 + 12*y^4*z^5*u^3 + 11*y^4*z^4*u^4 - 3*y^2*z^6*u^4 + 3*y^4*z^3*u^5 - 16*y^2*z^5*u^5 - 31*y^2*z^4*u^6 - 27*y^2*z^3*u^7 + z^5*u^7 - 10*y^2*z^2*u^8 + 5*z^4*u^8 - y^2*z*u^9 + 10*z^3*u^9 + 10*z^2*u^10 + 5*z*u^11 + u^12
GENERATOR 7 total degree = 20
GENERATOR 7 coefficient-text SHA256 = 9E6F13D2DDEAAE48679B8E0261E91F3269CF51CD8CB2C5CDD1DBF88D67E6FFE5
GENERATOR 8 = x^9*y^10*z*u + x^9*y^10*u^2 + 3*x^9*y^8*z^2*u^2 + 6*x^9*y^8*z*u^3 + 3*x^9*y^6*z^3*u^3 + 3*x^9*y^8*u^4 + 9*x^9*y^6*z^2*u^4 + x^9*y^4*z^4*u^4 + 9*x^9*y^6*z*u^5 + 4*x^9*y^4*z^3*u^5 + 3*x^9*y^6*u^6 + 6*x^9*y^4*z^2*u^6 + 4*x^9*y^4*z*u^7 + x^9*y^4*u^8 + x^8*y^11*z + x^8*y^11*u - 2*x^8*y^9*z^2*u + 2*x^8*y^9*z*u^2 - 9*x^8*y^7*z^3*u^2 + 4*x^8*y^9*u^3 - 12*x^8*y^7*z^2*u^3 - 8*x^8*y^5*z^4*u^3 + 3*x^8*y^7*z*u^4 - 20*x^8*y^5*z^3*u^4 - 2*x^8*y^3*z^5*u^4 + 6*x^8*y^7*u^5 - 12*x^8*y^5*z^2*u^5 - 7*x^8*y^3*z^4*u^5 + 4*x^8*y^5*z*u^6 - 8*x^8*y^3*z^3*u^6 + 4*x^8*y^5*u^7 - 2*x^8*y^3*z^2*u^7 + 2*x^8*y^3*z*u^8 + x^8*y^3*u^9 - 6*x^7*y^10*z^2 - 9*x^7*y^10*z*u - 5*x^7*y^8*z^3*u - 3*x^7*y^10*u^2 - 34*x^7*y^8*z^2*u^2 + 6*x^7*y^6*z^4*u^2 - 38*x^7*y^8*z*u^3 - 24*x^7*y^6*z^3*u^3 + 6*x^7*y^4*z^5*u^3 - 9*x^7*y^8*u^4 - 78*x^7*y^6*z^2*u^4 - x^7*y^4*z^4*u^4 + x^7*y^2*z^6*u^4 - 60*x^7*y^6*z*u^5 - 46*x^7*y^4*z^3*u^5 + x^7*y^2*z^5*u^5 - 12*x^7*y^6*u^6 - 72*x^7*y^4*z^2*u^6 - 7*x^7*y^2*z^4*u^6 - 40*x^7*y^4*z*u^7 - 18*x^7*y^2*z^3*u^7 - 7*x^7*y^4*u^8 - 17*x^7*y^2*z^2*u^8 - 7*x^7*y^2*z*u^9 - x^7*y^2*u^10 - 2*x^6*y^11*z + 15*x^6*y^9*z^3 - 2*x^6*y^11*u + 23*x^6*y^9*z^2*u + 20*x^6*y^7*z^4*u + 83*x^6*y^7*z^3*u^2 + 6*x^6*y^5*z^5*u^2 - 8*x^6*y^9*u^3 + 70*x^6*y^7*z^2*u^3 + 73*x^6*y^5*z^4*u^3 - 9*x^6*y^7*z*u^4 + 136*x^6*y^5*z^3*u^4 + 23*x^6*y^3*z^5*u^4 - 16*x^6*y^7*u^5 + 60*x^6*y^5*z^2*u^5 + 72*x^6*y^3*z^4*u^5 + 2*x^6*y*z^6*u^5 - 26*x^6*y^5*z*u^6 + 70*x^6*y^3*z^3*u^6 + 8*x^6*y*z^5*u^6 - 17*x^6*y^5*u^7 + 8*x^6*y^3*z^2*u^7 + 11*x^6*y*z^4*u^7 - 21*x^6*y^3*z*u^8 + 4*x^6*y*z^3*u^8 - 8*x^6*y^3*u^9 - 4*x^6*y*z^2*u^9 - 4*x^6*y*z*u^10 - x^6*y*u^11 + 11*x^5*y^10*z^2 - 20*x^5*y^8*z^4 + 13*x^5*y^10*z*u - 19*x^5*y^8*z^3*u - 25*x^5*y^6*z^5*u + 2*x^5*y^10*u^2 + 43*x^5*y^8*z^2*u^2 - 73*x^5*y^6*z^4*u^2 - 9*x^5*y^4*z^6*u^2 + 48*x^5*y^8*z*u^3 + 17*x^5*y^6*z^3*u^3 - 49*x^5*y^4*z^5*u^3 - x^5*y^2*z^7*u^3 + 6*x^5*y^8*u^4 + 153*x^5*y^6*z^2*u^4 - 17*x^5*y^4*z^4*u^4 - 9*x^5*y^2*z^6*u^4 + 103*x^5*y^6*z*u^5 + 152*x^5*y^4*z^3*u^5 - 4*x^5*y^2*z^5*u^5 + 15*x^5*y^6*u^6 + 218*x^5*y^4*z^2*u^6 + 55*x^5*y^2*z^4*u^6 + x^5*z^6*u^6 + 103*x^5*y^4*z*u^7 + 118*x^5*y^2*z^3*u^7 + 5*x^5*z^5*u^7 + 14*x^5*y^4*u^8 + 98*x^5*y^2*z^2*u^8 + 10*x^5*z^4*u^8 + 35*x^5*y^2*z*u^9 + 10*x^5*z^3*u^9 + 4*x^5*y^2*u^10 + 5*x^5*z^2*u^10 + x^5*z*u^11 - 25*x^4*y^9*z^3 + 15*x^4*y^7*z^5 - 35*x^4*y^9*z^2*u - 9*x^4*y^7*z^4*u + 14*x^4*y^5*z^6*u - 11*x^4*y^9*z*u^2 - 105*x^4*y^7*z^3*u^2 + 10*x^4*y^5*z^5*u^2 + 3*x^4*y^3*z^7*u^2 - x^4*y^9*u^3 - 94*x^4*y^7*z^2*u^3 - 139*x^4*y^5*z^4*u^3 - x^4*y^3*z^6*u^3 - 9*x^4*y^7*z*u^4 - 267*x^4*y^5*z^3*u^4 - 87*x^4*y^3*z^5*u^4 - 2*x^4*y*z^7*u^4 + 4*x^4*y^7*u^5 - 141*x^4*y^5*z^2*u^5 - 231*x^4*y^3*z^4*u^5 - 18*x^4*y*z^6*u^5 + 3*x^4*y^5*z*u^6 - 218*x^4*y^3*z^3*u^6 - 52*x^4*y*z^5*u^6 + 12*x^4*y^5*u^7 - 57*x^4*y^3*z^2*u^7 - 65*x^4*y*z^4*u^7 + 24*x^4*y^3*z*u^8 - 30*x^4*y*z^3*u^8 + 11*x^4*y^3*u^9 + 8*x^4*y*z^2*u^9 + 12*x^4*y*z*u^10 + 3*x^4*y*u^11 + 30*x^3*y^8*z^4 - 6*x^3*y^6*z^6 + 50*x^3*y^8*z^3*u + 25*x^3*y^6*z^5*u - 3*x^3*y^4*z^7*u + 24*x^3*y^8*z^2*u^2 + 98*x^3*y^6*z^4*u^2 + 18*x^3*y^4*z^6*u^2 + 4*x^3*y^8*z*u^3 + 55*x^3*y^6*z^3*u^3 + 107*x^3*y^4*z^5*u^3 + 7*x^3*y^2*z^7*u^3 - 42*x^3*y^6*z^2*u^4 + 118*x^3*y^4*z^4*u^4 + 35*x^3*y^2*z^6*u^4 - 37*x^3*y^6*z*u^5 - 52*x^3*y^4*z^3*u^5 + 36*x^3*y^2*z^5*u^5 - x^3*z^7*u^5 - 7*x^3*y^6*u^6 - 150*x^3*y^4*z^2*u^6 - 68*x^3*y^2*z^4*u^6 - 9*x^3*z^6*u^6 - 77*x^3*y^4*z*u^7 - 183*x^3*y^2*z^3*u^7 - 31*x^3*z^5*u^7 - 11*x^3*y^4*u^8 - 159*x^3*y^2*z^2*u^8 - 55*x^3*z^4*u^8 - 60*x^3*y^2*z*u^9 - 55*x^3*z^3*u^9 - 8*x^3*y^2*u^10 - 31*x^3*z^2*u^10 - 9*x^3*z*u^11 - x^3*u^12 - 20*x^2*y^7*z^5 + x^2*y^5*z^7 - 40*x^2*y^7*z^4*u - 15*x^2*y^5*z^6*u - 26*x^2*y^7*z^3*u^2 - 31*x^2*y^5*z^5*u^2 - 7*x^2*y^3*z^7*u^2 - 6*x^2*y^7*z^2*u^3 + 39*x^2*y^5*z^4*u^3 - 15*x^2*y^3*z^6*u^3 + 123*x^2*y^5*z^3*u^4 + 48*x^2*y^3*z^5*u^4 + 5*x^2*y*z^7*u^4 + 96*x^2*y^5*z^2*u^5 + 179*x^2*y^3*z^4*u^5 + 36*x^2*y*z^6*u^5 + 30*x^2*y^5*z*u^6 + 207*x^2*y^3*z^3*u^6 + 100*x^2*y*z^5*u^6 + 3*x^2*y^5*u^7 + 102*x^2*y^3*z^2*u^7 + 139*x^2*y*z^4*u^7 + 18*x^2*y^3*z*u^8 + 101*x^2*y*z^3*u^8 + 34*x^2*y*z^2*u^9 + 2*x^2*y*z*u^10 - x^2*y*u^11 + 7*x*y^6*z^6 + 17*x*y^6*z^5*u + 3*x*y^4*z^7*u + 14*x*y^6*z^4*u^2 - 6*x*y^4*z^6*u^2 + 4*x*y^6*z^3*u^3 - 59*x*y^4*z^5*u^3 - 6*x*y^2*z^7*u^3 - 114*x*y^4*z^4*u^4 - 31*x*y^2*z^6*u^4 - 97*x*y^4*z^3*u^5 - 54*x*y^2*z^5*u^5 + x*z^7*u^5 - 39*x*y^4*z^2*u^6 - 25*x*y^2*z^4*u^6 + 9*x*z^6*u^6 - 6*x*y^4*z*u^7 + 33*x*y^2*z^3*u^7 + 32*x*z^5*u^7 + 48*x*y^2*z^2*u^8 + 60*x*z^4*u^8 + 23*x*y^2*z*u^9 + 65*x*z^3*u^9 + 4*x*y^2*u^10 + 41*x*z^2*u^10 + 14*x*z*u^11 + 2*x*u^12 - y^5*z^7 - 3*y^5*z^6*u - 3*y^5*z^5*u^2 + 4*y^3*z^7*u^2 - y^5*z^4*u^3 + 19*y^3*z^6*u^3 + 36*y^3*z^5*u^4 - 3*y*z^7*u^4 + 34*y^3*z^4*u^5 - 19*y*z^6*u^5 + 16*y^3*z^3*u^6 - 51*y*z^5*u^6 + 3*y^3*z^2*u^7 - 75*y*z^4*u^7 - 65*y*z^3*u^8 - 33*y*z^2*u^9 - 9*y*z*u^10 - y*u^11 - 1
GENERATOR 8 total degree = 21
GENERATOR 8 coefficient-text SHA256 = 182433C6B851CB717F611F886B9785DD0E7BB596853651AE717B09D9D7654B51
GENERATOR 9 = -x*y^2 + y*z + x + T
GENERATOR 9 total degree = 3
GENERATOR 9 coefficient-text SHA256 = C361A96A4C0F082029F0088991B3BD715DBD7733C5E356C70A2261FB7413F191
all-generators coefficient-text SHA256 = 8C29382F6183B2B3BB65D75159236FD528D971C308A39A3F2C6FCB3268A1512D
m_mu inserted into presentation ideal = False

==============================================================================
LEXICOGRAPHIC GROEBNER ELIMINATION
==============================================================================
Starting exact lex Groebner basis at Tue Sep  1 18:48:36 2026
This is the potentially expensive step.
Groebner basis completed at Tue Sep  1 18:48:36 2026
Groebner wall seconds = 0.052194833755493164
Groebner basis length = 5
Univariate T-polynomials found: 1
UNIVARIATE_S 0 degree = 10
UNIVARIATE_S 0 = T^10 + 4*T^9 - 4*T^8 - 36*T^7 - 32*T^6 + 54*T^5 + 80*T^4 - 13*T^3 - 46*T^2 - 8*T + 1
UNIVARIATE_S 0 coefficient-text SHA256 = 5C865A279A4EC9BA2BA497EBED4C534C8018D2967C8AC6E8A82D3C127D2FC0C4

==============================================================================
PRESENTATION-DERIVED ELIMINANT
==============================================================================
E(T) degree = 10
E(T) = T^10 + 4*T^9 - 4*T^8 - 36*T^7 - 32*T^6 + 54*T^5 + 80*T^4 - 13*T^3 - 46*T^2 - 8*T + 1
E(T) coefficient-text SHA256 = 5C865A279A4EC9BA2BA497EBED4C534C8018D2967C8AC6E8A82D3C127D2FC0C4
E(T) factorization = T^10 + 4*T^9 - 4*T^8 - 36*T^7 - 32*T^6 + 54*T^5 + 80*T^4 - 13*T^3 - 46*T^2 - 8*T + 1
m_mu(T) = T^10 + 4*T^9 - 4*T^8 - 36*T^7 - 32*T^6 + 54*T^5 + 80*T^4 - 13*T^3 - 46*T^2 - 8*T + 1
m_mu irreducible over Q = True
m_mu divides E(T) = True
valuation v_m_mu(E) = 1
full complementary factor C(T)=E/m_mu^v degree = 0
C(T) = 1
C(T) coefficient-text SHA256 = 6B86B273FF34FCE19D6B804EFF5A3F5747ADA4EAA22F1D49C01E52DDB7875B4B
gcd(m_mu,C) = 1

==============================================================================
CERTIFIED GEOMETRIC mu-TRACE AND FACTOR SELECTION
==============================================================================
verify_hyperbolicity(holonomy=True, bits_prec=300) = True
certified T_mu = tr(rho('Abb')) = -1.930912474976026840272772966303406206435007859419947384168903866575043140339605892? - 0.334094700037524235032128937288117534597257192256581724770854803184110980626287469?*I
T_mu real diameter = 1.29454632393439362205571786076835827411034075482357097036510801104896890864396558949117474e-82
T_mu imag diameter = 7.48184713614692682430817030881061249407439249060212675679640221826093463136537845964353353e-82
irreducibility discriminant interval = -3.460456485567656777670884662615476843089290926700704419423349550000784684997513541? + 4.547131158920688963337764218321165824673781465353426186547086589452771021434135431?*I
irreducibility discriminant excludes 0 = True
widened certified T_mu box = -1.930912474976026840272772966303406206435007859419947384168903866575043140339605892? - 0.334094700037524235032128937288117534597257192256581724770854803184110980626287469?*I
m_mu interval-Newton N(box) = -1.930912474976026840272772966303406206435007859419947384168903866575043140339605891947424? - 0.33409470003752423503212893728811753459725719225658172477085480318411098062628746845456?*I
N(box) strictly contained in box = True
C(T_mu box) = 1
C(T_mu box) excludes 0 = True

==============================================================================
CERTIFICATE SUMMARY
==============================================================================
E(T) derived from presentation only: YES
m_mu divides E(T): True
v_m_mu(E): 1
T_mu box contains exactly one m_mu root: YES
T_mu box contains no root of E/m_mu^v: YES
m_mu NEVER inserted into presentation ideal: YES
geometric character irreducible / chart applicable: YES
CONCLUSION: m_mu(tr rho_geom(mu)) = 0
PROVENANCE: exact presentation elimination + verified interval arithmetic;
            no algdep, PSLQ, or numerical polynomial recognition used
INDEPENDENT DERIVATION CERTIFICATE: PASS
