
==============================================================================
STEP 0: verify the Xi formula itself, symbolically
==============================================================================
2z - xy = -x*y + 2*z
2*tr(A0*B0) reduced = -x*y + 2*z
formula verified (lhs == rhs)? True

==============================================================================
STEP 1: exact trace formulas for the relevant words
==============================================================================
tr(aa) = x^2 - 2
tr(baa) = x*z - y
tr(AAb) = x^2*y - x*z - y
tr(AABB) = x*y*z - x^2 - y^2 + 2

==============================================================================
STEP 2: bare Riley variety (relator only), identify X_0
==============================================================================
bare Riley variety components: 3
 component 0 dim = 0  gens = [z - 2, x - y, y^2 + y - 1]
 component 1 dim = 0  gens = [z + 2, x + y, y^2 + y - 1]
 component 2 dim = 1  gens = [y*z - x - z, x*z + 1, x^2 + y - 1]
X_0 (positive-dimensional component) identified.

==============================================================================
STEP 3: test Xi(AAb,w) =? Xi(AABB,w) on X_0, for w in {aa, baa}
==============================================================================
Xi(AAb,aa) vs Xi(AABB,aa): cross-multiplied difference reduces to 4*y^11 + 4*y^10 - 44*y^9 - 16*y^8 + 144*y^7 - 16*y^6 - 112*y^5 + 88*y^4 - 148*y^3 + 12*y^2 + 156*y - 72  -- identical on X_0? False
Xi(AAb,baa) vs Xi(AABB,baa): cross-multiplied difference reduces to -4*y^11 - 4*y^10 + 44*y^9 + 16*y^8 - 144*y^7 + 16*y^6 + 112*y^5 - 88*y^4 + 148*y^3 - 12*y^2 - 156*y + 72  -- identical on X_0? False
