
==============================================================================
A. number of terms (sparsity) vs |e_a|
==============================================================================
  nterms values mapping to multiple |e_a|: 11/11

==============================================================================
B. T_w(1) and T_w(-1) (special points: y=1-t^2=0 there)
==============================================================================
  T_w(1) values mapping to multiple |e_a|: 5/5
  T_w(-1) values mapping to multiple |e_a|: 5/5
  (T_w(1),T_w(-1)) pair mapping to multiple |e_a|: 7/9

==============================================================================
C. does T_w(t) relate to T_w(1/t) simply? (symmetric/antisymmetric check)
==============================================================================
  (sample of 200) T_w(1/t)==T_w(t): 2, ==-T_w(t): 1, neither: 197

==============================================================================
D. signed e_a: does T_w(t) determine e_a(w) UP TO SIGN via T_w(1/t) vs T_v(t) matching?
==============================================================================
  (sample len<=6, 99 words) T_w(1/t) matches some T_v(t) with e_a(v)=-e_a(w): 8 matches, 9 misses, 82 no match to ANY word's trace at all

==============================================================================
E. degree of T_w in terms of (t - 1/t) or (t + 1/t) -- substitution check
==============================================================================
  T_A = t
  T_AB = -1/t
  T_AAb = -t**4 + 2*t**2
  T_AABB = -t**4 + 2*t**2

PY_EXIT=0
