
==============================================================================
1. load cache, reconstruct collision groups from Laurent-on-X0 data
==============================================================================
  4692 words -> 1350 distinct T_w(t) classes, 1087 collision groups
  MATCH: reproduces the 1087 groups from m003_N_counterexample_search.py
  4429 distinct words appear in some collision group (need raw tr_xyz(w) in Q[x,y,z] for these)

==============================================================================
2. compute raw tr_xyz(w) in Q[x,y,z] for every word in a collision group
==============================================================================
  reusing cached tr_xyz(w) for all 4429 words from m003_collision_words_trxyz_cache.json

==============================================================================
3. within each group, partition by EXACT tr_xyz equality (ambient classes)
==============================================================================
  546 groups are PURELY AMBIENT (all members literally equal as polynomials in x,y,z -- no use of I(X_0))
  541 groups have GENUINE content (>=2 distinct ambient classes, collision created specifically by I(X_0))

==============================================================================
4. for genuine (mixed) groups: certificate Delta = f*(xz+1) + h*(x^2+y-1)
==============================================================================
  1316 genuine cross-ambient-class pairs certified (one rep-pair per pair of ambient classes within each of the 541 mixed groups)
  every certificate independently rebuilt and verified: f*(xz+1)+h*(x^2+y-1) == Delta
  done in 17.1s

==============================================================================
4b. CANONICAL trichotomy: principal-ideal membership (order-independent)
==============================================================================
  Note: the (f,h) pair from step 4 is NOT unique -- <xz+1,x^2+y-1> is a
  complete intersection, so its syzygy module is generated by the single
  Koszul relation (g2,-g1); any (f + p*g2, h - p*g1) is an equally valid
  certificate for the same Delta. So bucketing by deg(f),deg(h) from a
  single sp.reduced() call is an order-dependent artifact, not a genuine
  invariant of Delta. The canonical, order-independent question instead
  is: does Delta lie in one of the two PRINCIPAL ideals (xz+1) or
  (x^2+y-1) alone? A single-generator set is automatically a Groebner
  basis for every order (no S-polynomials to reduce), so this divisibility
  test is unambiguous. This mirrors the m006 ambient/pure-g2/needs-both
  classification exactly.

  4 (0.3%) lie in (xz+1) ALONE -- pure-g1, h can be taken 0
  6 (0.5%) lie in (x^2+y-1) ALONE -- pure-g2, f can be taken 0
  1306 (99.2%) lie in NEITHER principal ideal -- genuinely need both generators

  example pure-g1: w0='AAbb' v='AABAAbabab'  Delta=x**4*z**2 - x**3*y*z**3 + x**2*y**2*z**2 + x**2*z**4 - 4*x**2*z**2 - x**2 + x*y*z - y**2 - z**2 + 4
  example pure-g2: w0='ABAbbb' v='AAAAbaab'  Delta=x**6 - x**5*y*z + x**4*y**2 + x**4*z**2 - 6*x**4 + 2*x**3*y*z - 3*x**2*y**2 - 2*x**2*z**2 + 9*x**2 + x*y**3*z - x*y*z - y**4 - y**2*z**2 + 5*y**2 + z**2 - 4
  example needs-both: w0='A' v='ABBB'  Delta=x*y + x - y**2*z + z

==============================================================================
5. certificate-pattern census (order-dependent, supplementary only)
==============================================================================
  28 distinct (f==0?, h==0?, deg f, deg h) certificate shapes across 1316 genuine certificates

    f==0:False h==0:False deg(f)=  6 deg(h)=  5  ->  242 certs ( 18.4%)
    f==0:False h==0:False deg(f)=  6 deg(h)=  4  ->  221 certs ( 16.8%)
    f==0:False h==0:False deg(f)=  7 deg(h)=  6  ->  193 certs ( 14.7%)
    f==0:False h==0:False deg(f)=  5 deg(h)=  4  ->  116 certs (  8.8%)
    f==0:False h==0:False deg(f)=  5 deg(h)=  5  ->   94 certs (  7.1%)
    f==0:False h==0:False deg(f)=  6 deg(h)=  6  ->   87 certs (  6.6%)
    f==0:False h==0:False deg(f)=  5 deg(h)=  3  ->   82 certs (  6.2%)
    f==0:False h==0:False deg(f)=  4 deg(h)=  4  ->   54 certs (  4.1%)
    f==0:False h==0:False deg(f)=  4 deg(h)=  3  ->   44 certs (  3.3%)
    f==0:False h==0:False deg(f)=  7 deg(h)=  7  ->   36 certs (  2.7%)
    f==0:False h==0:False deg(f)=  6 deg(h)=  3  ->   34 certs (  2.6%)
    f==0:False h==0:False deg(f)=  3 deg(h)=  3  ->   23 certs (  1.7%)
    f==0:False h==0:False deg(f)=  4 deg(h)=  2  ->   18 certs (  1.4%)
    f==0:False h==0:False deg(f)=  3 deg(h)=  2  ->   14 certs (  1.1%)
    f==0:False h==0:False deg(f)=  5 deg(h)=  2  ->   14 certs (  1.1%)
    f==0:False h==0:False deg(f)=  2 deg(h)=  2  ->    9 certs (  0.7%)
    f==0:False h==0:False deg(f)=  2 deg(h)=  1  ->    8 certs (  0.6%)
    f==0:False h==0:False deg(f)=  6 deg(h)=  2  ->    8 certs (  0.6%)
    f==0:False h==0:True  deg(f)=  5 deg(h)= -1  ->    4 certs (  0.3%)
    f==0:False h==0:False deg(f)=  5 deg(h)=  1  ->    3 certs (  0.2%)
    f==0:False h==0:False deg(f)=  1 deg(h)=  1  ->    2 certs (  0.2%)
    f==0:False h==0:False deg(f)=  4 deg(h)=  1  ->    2 certs (  0.2%)
    f==0:False h==0:False deg(f)=  6 deg(h)=  0  ->    2 certs (  0.2%)
    f==0:False h==0:False deg(f)=  5 deg(h)=  6  ->    2 certs (  0.2%)
    f==0:False h==0:False deg(f)=  3 deg(h)=  0  ->    1 certs (  0.1%)
    f==0:False h==0:False deg(f)=  4 deg(h)=  0  ->    1 certs (  0.1%)
    f==0:False h==0:False deg(f)=  8 deg(h)=  8  ->    1 certs (  0.1%)
    f==0:False h==0:False deg(f)=  5 deg(h)=  0  ->    1 certs (  0.1%)

  example certificate for each of the top 5 shapes:

    shape (False, False, 6, 5) (n=242):
      w0='B'  v='AAbabbbabb'
      Delta = -x**4*y**2 + 2*x**3*y**3*z - x**3*y*z - x**2*y**4*z**2 + 2*x**2*y**2 + x**2 + x*y**3*z**3 - 3*x*y**3*z - x*y*z**3 + 3*x*y*z + y**4*z**2 - 2*y**2*z**2 + y + z**2 - 2
      f (coeff of xz+1)     = 2*x**2*y**3 - x**2*y - x*y**4*z - x*y**3*z + 2*x*y*z + x*z + y**4 + y**3*z**2 - 2*y**3 - y*z**2 + y - 1
      h (coeff of x^2+y-1)  = -x**2*y**2 + y**3*z**2 - y**3 + y**2 - 2*y*z**2 + y - z**2 + 1

    shape (False, False, 6, 4) (n=221):
      w0='A'  v='AAAbabbbab'
      Delta = -x**5*y + 2*x**4*y**2*z - x**4*z - x**3*y**3*z**2 + 4*x**3*y + x**2*y**2*z**3 - 6*x**2*y**2*z - x**2*z**3 + 5*x**2*z + 2*x*y**3*z**2 - x*y*z**2 - 3*x*y + x - y**2*z**3 + 2*y**2*z + z**3 - 3*z
      f (coeff of xz+1)     = 2*x**3*y**2 - x**3 - x**2*y**3*z + x*y**3 + x*y**2*z**2 - 4*x*y**2 + x*y*z**2 - x*y + 2*x + 2*y**3*z - y**2*z - 2*y*z
      h (coeff of x^2+y-1)  = -x**3*y - x*y**2 + 3*x*y + x - 2*y**2*z - y*z**3 + y*z - z**3 + 3*z

    shape (False, False, 7, 6) (n=193):
      w0='AAb'  v='AAbAbbbbab'
      Delta = x**4*y**4 - 2*x**4*y**2 - x**3*y**5*z + x**3*y**3*z + 2*x**3*y*z + 2*x**2*y**4*z**2 - 2*x**2*y**4 - 4*x**2*y**2*z**2 + 4*x**2*y**2 + x**2*y + x**2 + x*y**5*z - x*y**3*z**3 + 2*x*y*z**3 - 5*x*y*z - x*z - y**4*z**2 + 2*y**2*z**2 + y**2 - y - 2
      f (coeff of xz+1)     = -x**2*y**5 + x**2*y**3 + 2*x**2*y + 2*x*y**4*z + x*y**3*z - 4*x*y**2*z - 2*x*y*z + y**5 - 2*y**4 - y**3*z**2 - y**3 + 4*y**2 + 2*y*z**2 - 3*y - 1
      h (coeff of x^2+y-1)  = x**2*y**4 - 2*x**2*y**2 - y**4 - y**3*z**2 + y**3 + 2*y**2 + 2*y*z**2 - y + 1

    shape (False, False, 5, 4) (n=116):
      w0='A'  v='AAbabbbb'
      Delta = x**3*y**3 - 2*x**3*y - x**2*y**4*z + 2*x**2*y**2*z + x*y**3*z**2 - 2*x*y**3 - 2*x*y*z**2 + 5*x*y + x + y**4*z - 3*y**2*z + z
      f (coeff of xz+1)     = -x*y**4 - x*y**3 + 2*x*y**2 + 3*x*y + x + y**3*z - 2*y*z
      h (coeff of x^2+y-1)  = x*y**3 - 2*x*y + y**3*z - 3*y*z - z

    shape (False, False, 5, 5) (n=94):
      w0='B'  v='ABAbabbbab'
      Delta = -x**3*y*z + 2*x**2*y**2*z**2 + x**2*y**2 - x**2*z**2 - x*y**3*z**3 - 2*x*y**3*z + 4*x*y*z + y**4*z**2 + y**2*z**4 - 4*y**2*z**2 + y - z**4 + 4*z**2 - 2
      f (coeff of xz+1)     = -x**2*y - x*y**3*z - x*y*z**3 + 2*x*y*z - x*z**3 + 2*x*z - y**3*z**2 - y**3 + y*z**2 + 2*y + z**2 - 2
      h (coeff of x^2+y-1)  = y**3*z**2 + 2*y**2*z**2 + y**2 + y*z**4 - 2*y*z**2 + y + z**4 - 3*z**2

==============================================================================
6. summary
==============================================================================
  1087 total length<=10 collision groups (words sharing T_w(t) on X_0)
    546 (50.2%) purely ambient -- coincidence needs NO input from I(X_0)
    541 (49.8%) genuine -- collision specifically created by imposing I(X_0)
  1316 genuine cross-class certificates computed and independently verified
  canonical trichotomy: 4 pure-g1, 6 pure-g2, 1306 need-both (order-independent, principal-ideal test)
  (28 distinct (f,h)-degree shapes from one sp.reduced() normal form -- NOT a canonical invariant, since the certificate is unique only up to the ideal's Koszul syzygy; reported as supplementary data only, not as evidence of a small generator set)

PY_EXIT=0
