
==============================================================================
1. certified point, transcribed from ckm_presentation_geometry_bridge_v4.log
==============================================================================
  T_x = (1.23906622274705711516596254737209221606192693469147494805341511094762126337977428609 + 0.81142069235465915601856126825239111739434590904174867523598788435568162609273444858j)
  T_y = (-0.03033589532555413963385295162608107789394127921563548865966287929835332241200198851 - 0.4954551202491549321677489552551484383840387228835441999683051348227316999891829944j)
  T_z = (1.2390662227470571151659625473720922160619269346914749480534151109476212633797742861 + 0.8114206923546591560185612682523911173943459090417486752359878843556816260927344486j)

==============================================================================
2. X_0(m006) generator 1:  x - z  = 0 ?
==============================================================================
  x - z = (-1.000000000000000000286888816984906971267976116720315845368781733582491402126383343361494619961955332e-83 - 1.999999999999999999859410514418392078651087515749793591080119720400733640993313034705718842482199291e-83j)
  |x-z| = 2.236067977499789696411727189410945136801534776578314057561541614355406354134513131775276970408301922e-83
  within tolerance 1.0e-75: True

==============================================================================
3. X_0(m006) generator 2:  y*(z^2-1) - 1  = 0 ?
==============================================================================
  y*(z^2-1) - 1 = (5.391250071258849679916813392084443718463208657321912764750020371446354172127393483990644554915123455e-83 + 4.684227016348820705217176329353349031352609425307123526275814823808533103773471290287676791636186743e-84j)
  |y*(z^2-1)-1| = 5.411561434397236287325541575491851665009626315911581858947131148619923519971908906297344309039984268e-83
  within tolerance 1.0e-75: True

==============================================================================
4. this point is NOT on either discrete branch D_1, D_2
==============================================================================
  D_1, D_2 require z = +2 or z = -2 exactly (real).
  T_z is non-real with Im(T_z) = 0.8114206923546591560185612682523911173943459090417486752359878843556816260927344486 != 0: excluded from both.
  (V(I_Riley) = X_0 u D_1 u D_2 exactly -- certified in
   m006_x0_identity_origin.py -- so exclusion from D_1,D_2 plus
   satisfying X_0's equations means this point is ON X_0, not merely
   'off the discrete branches'.)

==============================================================================
5. verdict
==============================================================================
  The certified (-5,2)-filled discrete-faithful character satisfies
  BOTH defining equations of X_0(m006) to ~80 digits of precision: True
  => by Thurston's Dehn-surgery theorem (cited, not re-derived here),
     X_0(m006) is the component containing m006's cusped
     discrete-faithful character -- no longer resting on structural
     analogy alone.

PY_EXIT=0
