
==============================================================================
1. bare relator ideal (r = ababbAAbb), eliminate u
==============================================================================
  relator = ababbAAbb, 4 nonzero matrix-entry generators
  Riley ideal (u eliminated): 3 generators
    2*x + y**2*z**3 - y**2*z + y*z**3 - 2*y*z - 3*z
    (y**2 + y - 1)*(y*z**2 - y - 1)
    (z - 2)*(z + 2)*(y*z**2 - y - 1)

==============================================================================
2. the shared factor reveals the geometric/discrete split
==============================================================================
  gen[0] (irreducible)         = 2*x + y**2*z**3 - y**2*z + y*z**3 - 2*y*z - 3*z
  gen[1] factors as            = (y**2 + y - 1)*(y*z**2 - y - 1)
  gen[2] factors as            = (z - 2)*(z + 2)*(y*z**2 - y - 1)

  gen[1] == (y^2+y-1)*(y*z^2-y-1)?  True
  gen[2] == (z-2)*(z+2)*(y*z^2-y-1)? True
  (y^2+y-1) is exactly m003's comp0/comp1 golden-ratio factor;
  z=+-2 is exactly m003's comp0/comp1 filling-independent z-value.

==============================================================================
3. certified three-way decomposition: V(I_Riley) = X_0 u D_1 u D_2
==============================================================================
  V(X_0) u V(D_1) u V(D_2) Groebner basis: [x**3 - x*y - 5*x + y*z - z**3 + 5*z, 2*x**2*y - x*z - 2*y + z**2 - 2, x*y**2 + x*y - x - y**2*z - y*z + z, x**2*z - 2*x*y - 4*x + 2*y*z - z**3 + 4*z, -x**2 + x*y*z + x*z - y - 1, x*z**2 - 4*x - z**3 + 4*z, x**2 - x*z + y*z**2 - y - 1]
  matches the full Riley ideal exactly: True

  X_0 = V([y*z**2 - y - 1, x - z])
  D_1 = V([y**2 + y - 1, x - y, z - 2])  (0-dimensional, matches m003's comp0)
  D_2 = V([y**2 + y - 1, x + y, z + 2])  (0-dimensional, matches m003's comp1)

==============================================================================
4. X_0(m006): coordinate ring, rationality, puncture count
==============================================================================
  X_0 = V(y*z^2 - y - 1,  x - z)
  From x-z=0: z=x. Substituting: y*(x^2-1) = 1, i.e. x^2-1 is a UNIT
  with inverse y. Hence
    Q[X_0] = Q[x,y,z]/<y*z^2-y-1, x-z>  ~=  Q[x, (x-1)^-1, (x+1)^-1]
  so X_0(m006) = A^1 - {1,-1} = P^1 - {1,-1,infinity}: a THRICE-
  PUNCTURED SPHERE. Rational (genus 0), like m003's X_0 = G_m, but
  with THREE punctures instead of two -- an exact structural
  difference between the flavor-encoding manifolds.

  (Not yet checked: whether the point at t=infinity, i.e. y->0, is
  itself special -- y=0 forces (from y*z^2-y-1=0) 0-1=0, false, so
  y=0 is never attained: consistent with X_0 being exactly
  A^1-{1,-1}, no additional missing point.)
  sanity: y*(x^2-1)=1 has no solution with y=0 (0 != 1): confirmed.

PY_EXIT=0
