K = Number Field in w with defining polynomial x^2 - x + 2 with w = 0.50000000000000000? + 1.322875655532296?*I
O_K = Maximal Order generated by w in Number Field in w with defining polynomial x^2 - x + 2 with w = 0.50000000000000000? + 1.322875655532296?*I
pbar = (1-w), norm = 2
class number = 1
Exact global R basis:
  [1, 0, 0, 1]
  [0, -w - 1, 0, 0]
  [0, 0, 1/2*w, 0]
  [0, 0, 0, -w + 1]

Candidate global M0 basis:
  [1, 0, 0, 0]
  [0, -w + 1, 0, 0]
  [0, 0, 1/2*w, 0]
  [0, 0, 0, 1]
Candidate global M1 basis:
  [1, 0, 0, 0]
  [0, -w - 1, 0, 0]
  [0, 0, 1/4*w - 1/2, 0]
  [0, 0, 0, 1]

R subset M0 globally (exact O_K lattice): True
R subset M1 globally (exact O_K lattice): True

Exact global E=M0 intersection M1 basis:
  [1, 0, 0, 0]
  [0, -w - 1, 0, 0]
  [0, 0, 1/2*w, 0]
  [0, 0, 0, 1]
R in E coordinate matrix:
[     1      0      0      1]
[     0      1      0      0]
[     0      0      1      0]
[     0      0      0 -w + 1]
Index ideal determinant: Fractional ideal (-w + 1)
Norm of index ideal [E:R]: 2
Every R-basis trace lies in pbar: True
Trace E -> O_K/pbar is nonzero/surjective: True
R = {x in E : tr(x) in pbar}, by containment and equal index 2.

GLOBAL J CERTIFICATE:
J fixes global M0 individually: True
J fixes global M1 individually: True
J normalizes global E: True
J normalizes global R directly: True
det(J) = -1
det(J) is a square in K: False

DETERMINANT CLASSES OF Gamma_009^+ GENERATORS:
  a^2 det = 1 square in K = True
  ab det = 1 square in K = True
  ba^-1 det = 16 square in K = True

========================================================================
CERTIFIED BY A SUCCESSFUL RUN
========================================================================
1. M0,M1 are the two exact GLOBAL maximal overorders of R.
2. E=M0 cap M1 globally and [E:R]=2.
3. R is the global trace-pbar kernel inside E.
4. J fixes M0,M1 individually and normalizes R globally.
5. [-1] occurs in delta(N_K^+(R)); it is not a square in K.
6. Gamma_009^+ lies in ker(delta).

STILL NOT CERTIFIED HERE
- the full determinant image delta(N_K^+(R))
- exhaustion of N_K^+(R) or its square-determinant subgroup
- either factor, or the product, in [N_K^+(R):Gamma_009^+]

========================================================================
SQUARE-DETERMINANT SIMULTANEOUS STABILIZER
========================================================================
relative lattice matrix t=d0^-1*d1 = [-w + 1, 0, 0, 1]
L1 in the M0 frame is pi_pbar*O_K e1 + O_K e2.
For A=[[a,b],[c,d]] in SL_2(O_K),
t^-1*A*t = [[a,b/pi_pbar],[pi_pbar*c,d]].
Therefore A preserves L1 exactly iff b lies in pbar.
Because det(A)=1, an order-stabilizing homothety A*L1=alpha*L1
has alpha^2 a unit, hence alpha is a unit. Thus, modulo {+I,-I},
N^{+,0}=d0*Gamma^0(pbar)*d0^-1,
Gamma^0(pbar)={A in SL_2(O_K):A[0,1] in pbar}.

EXACT Gamma_009^+ GENERATORS IN THE M0 FRAME
  a^2 = [-2*w + 1, -w - 1, w - 1, w]   b in pbar = True
  ab = [-w + 2, -w - 1, -1, w]   b in pbar = True
  ba^-1 = [w, w - 1, -w + 1, -w + 2]   b in pbar = True

========================================================================
EXACT PSL_2(O_K) PRESENTATION AND MOD-pbar IWAHORI
========================================================================
[PSL_2(O_K):Gamma^0(pbar)] = 3

EXACT EUCLIDEAN WORDS FOR Gamma_009^+
  a^2 -> f1^-2*f2^-1*f3*f1^-1*f2^-1*f1*f3^-1 (Euclidean steps = 2 )
  ab -> f3*f1^-2*f2^-1*f3^-1 (Euclidean steps = 1 )
  ba^-1 -> f1^-1*f2^-1*f3*f1^-1*f2^-1*f1 (Euclidean steps = 2 )

========================================================================
GAP COSET EXHAUSTION
========================================================================
[Gamma^0(pbar):Gamma_009^+] = 2
explicit candidate x in M0 frame = T_(1-w) = [1, -w + 1, 0, 1]
explicit candidate x in global frame = [1, -w - 1, 0, 1]
[<Gamma_009^+,x>:Gamma_009^+] = 1
[Gamma^0(pbar):<Gamma_009^+,x>] = 2
x outside Gamma_009^+ = False

========================================================================
CERTIFIED CONCLUSION OF A SUCCESSFUL RUN
========================================================================
N^{+,0} = d0*Gamma^0(pbar)*d0^-1 exactly.
[N^{+,0}:Gamma_009^+] = 2
Using the separately certified determinant image of order 2:
[N_K^+(R):Gamma_009^+] = 4

========================================================================
EXPLICIT NONTRIVIAL SQUARE-PART COSET REPRESENTATIVE
========================================================================
Reese word: f1^-1*f3^-1
y in Gamma_009^+ (direct GAP membership): False
y^2 in Gamma_009^+ (direct GAP membership): True

DEGREE-TWO QUOTIENT ACTION
image size: 2
image of y: (1,2)
kernel equals Gamma_009^+: True
Images of the GAP-generated Iwahori generators:
  Iwahori generator 1 = f1^-2  ->  (1,2)
  Iwahori generator 2 = f3*f1^-1  ->  ()
  Iwahori generator 3 = f1*f2*f1^-1  ->  (1,2)

M0-frame matrix:
[     1 -w - 1]
[     0      1]
Global-frame matrix:
[    1 w - 3]
[    0     1]
y in Gamma^0(pbar): True
y in Gamma_009^+: False
y^2 in Gamma_009^+: True
y fixes global M0: True
y fixes global M1: True
y normalizes global R: True
determinant squareclass trivial: True

========================================================================
CERTIFIED HARDENING CONCLUSION OF A SUCCESSFUL RUN
========================================================================
N^{+,0}/Gamma_009^+ = {Gamma_009^+, y*Gamma_009^+}
with the exact Reese word and matrices printed above.
This does not change the already-certified full index 4.

========================================================================
FULL NORMALIZER CLOSURE: STEP 1 -- EXACT a,b OVER L=K(sqrt(D_a))
========================================================================
recomputed 'aa' matches certified mats['aa'] (frame/beta sanity check): True
D_a = tr(aa)+2 = -w + 3  square in K: False
D_b = tr(bb)+2 = 2*w + 4  square in K: False
A0 (a=sq*A0) = [-1/2*w + 1, -1, -1/8*w - 1/4, 1/2*w]
B0 (b=sq*B0) = [1, -1, -3/8*w + 1/4, 1/2*w]
a matches certified 300-bit holonomy to distance: 4.11043581109672898703385533075433317979467078625417032346464598682833345171616206324163074e-90
b matches certified 300-bit holonomy to distance: 7.53025851143627979449878386578211370672860233799121732025224530835161602395300909298830803e-90
a*b == certified K-rational 'ab': True  (independent sign cross-check)
a^2 == aa: True
b^2 == bb: True

========================================================================
STEP 2 -- a NORMALIZES R AND SWAPS M0 <-> M1 (GLOBALLY)
========================================================================
a normalizes global R (a R a^-1 = R, as O_K-lattices): True
a sends M0 -> M1: True
a sends M1 -> M0: True
a fixes M0 individually (should be False): False
=> a in N_K(R), a NOT in N_K^+(R): CERTIFIED

========================================================================
STEP 3 -- NORMALITY OF Gamma_009^+ UNDER J AND Y (already-known
N_K^+(R) generators), CHECKED ON ITS OWN GENERATORS a^2,ab,ba^-1
========================================================================
   [J(a^2)J^-1] det in M0 frame = 1
 J (a^2) J^-1 -> word f3^-1*f1^2*f2^-1*f3*f1^-1*f2^-1*f1^-1  (Euclidean steps=2)  in Gamma_009^+: True
   [J(ab)J^-1] det in M0 frame = 1
 J (ab) J^-1 -> word f3^-1*f1^2*f2^-1*f3  (Euclidean steps=1)  in Gamma_009^+: True
   [J(ba^-1)J^-1] det in M0 frame = 1
 J (ba^-1) J^-1 -> word f3^-1*f1*f2^-1*f3*f1^-1*f2^-1*f1^-1*f3^-1  (Euclidean steps=2)  in Gamma_009^+: True
   [Y(a^2)J^-1] det in M0 frame = 1
 Y (a^2) Y^-1 -> word f3^-1*f1^-3*f2^-1*f3*f1^-1*f2^-1*f1^2  (Euclidean steps=2)  in Gamma_009^+: True
   [Y(ab)J^-1] det in M0 frame = 1
 Y (ab) Y^-1 -> word f1^-3*f2^-1*f1  (Euclidean steps=1)  in Gamma_009^+: True
   [Y(ba^-1)J^-1] det in M0 frame = 1
 Y (ba^-1) Y^-1 -> word f3^-1*f1^-2*f2^-1*f3*f1^-1*f2^-1*f1^2*f3  (Euclidean steps=2)  in Gamma_009^+: True

Gamma_009^+ normalized by both J and Y on all three generators: True

========================================================================
STEP 4 -- NORMALITY ON THE ODD GENERATOR a: J a J^-1 a^-1 and
Y a Y^-1 a^-1 (automatically K-rational; the sq's cancel)
========================================================================
J a J ^-1 a^-1 = [3, -4*w + 4, w, 3]  det = 1
   [J a J^-1 a^-1] det in M0 frame = 1
  -> word f1*f2^-1*f1^-2*f2^-1*f1  (Euclidean steps=2)  in Gamma_009^+: True
Y a Y ^-1 a^-1 = [-3*w + 6, -9*w - 5, -1, 2*w - 1]  det = 1
   [Y a Y^-1 a^-1] det in M0 frame = 1
  -> word f3^-2*f1^-3*f2^-1*f3*f1^-1*f2^-1*f1^2*f3^-1  (Euclidean steps=2)  in Gamma_009^+: True

========================================================================
STEP 5 -- QUOTIENT STRUCTURE: C4 vs C2xC2, via direct relations
========================================================================
Gamma_009 = Gamma_009^+ . {1,a} (disjoint, by parity: a=sq*A0 is not
K-rational, so Gamma_009^+ . a is entirely OUTSIDE PGL_2(K)).
J, Y, J*Y are all K-rational, hence never lie in Gamma_009^+ . a --
so J,Y,J*Y lie in Gamma_009 at all only if they lie in Gamma_009^+.
   [J^2] det in M0 frame = 1
  J^2 -> word <identity ...>  in Gamma_009^+: True
   [Y^2] det in M0 frame = 1
  Y^2 -> word f1^-2*f3^-2  in Gamma_009^+: True
   [[J,Y]=JYJ^-1Y^-1] det in M0 frame = 1
  [J,Y]=JYJ^-1Y^-1 -> word f1^2*f3^2  in Gamma_009^+: True

det(J) = -1  square in K: False
det(Y) = 1  square in K: True
det(J*Y) = -1  square in K: False
Every Gamma_009^+ generator has square determinant (certified earlier),
so Gamma_009^+ subset ker(delta). J and J*Y have NONsquare determinant,
hence J, J*Y are NOT in Gamma_009^+ (so not in Gamma_009 at all, by the
parity argument above). Y was already GAP-certified y not in Gamma_009^+
in the loaded coset-rep certificate. So J,Y,J*Y are three PAIRWISE
DISTINCT nontrivial elements of N_K(R)/Gamma_009, each squaring to the
identity, and they commute -- the Klein four-group, not C4.

========================================================================
CERTIFIED CONCLUSION
========================================================================
Gamma_009^+ is normalized by J and Y (Step 3).
J a J^-1 a^-1 and Y a Y^-1 a^-1 both lie in Gamma_009^+ (Step 4),
so J a J^-1 and Y a Y^-1 both lie in Gamma_009 = Gamma_009^+ . {1,a}.
a in Gamma_009 trivially conjugates Gamma_009 into itself.
Since N_K(R) = N_K^+(R) . {1,a} (Step 2) and N_K^+(R) = <J,Y,Gamma_009^+>,
every generator of N_K(R) normalizes Gamma_009:

  Gamma_009 is normal in N_K(R): CERTIFIED
  [N_K(R):Gamma_009] = 4  (already certified by index-chasing)
  N_K(R)/Gamma_009 = {1, J, Y, JY} mod Gamma_009, each of order <=2,
  pairwise distinct, commuting (Step 5):

  N_K(R)/Gamma_009 =~= C2 x C2

FULL NORMALIZER QUOTIENT CERTIFICATE: PASS
