K = Number Field in w with defining polynomial x^2 - x + 2 with w = 0.50000000000000000? + 1.322875655532296?*I
O_K = Maximal Order generated by w in Number Field in w with defining polynomial x^2 - x + 2 with w = 0.50000000000000000? + 1.322875655532296?*I
pbar = (1-w), norm = 2
class number = 1
Exact global R basis:
  [1, 0, 0, 1]
  [0, -w - 1, 0, 0]
  [0, 0, 1/2*w, 0]
  [0, 0, 0, -w + 1]

Candidate global M0 basis:
  [1, 0, 0, 0]
  [0, -w + 1, 0, 0]
  [0, 0, 1/2*w, 0]
  [0, 0, 0, 1]
Candidate global M1 basis:
  [1, 0, 0, 0]
  [0, -w - 1, 0, 0]
  [0, 0, 1/4*w - 1/2, 0]
  [0, 0, 0, 1]

R subset M0 globally (exact O_K lattice): True
R subset M1 globally (exact O_K lattice): True

Exact global E=M0 intersection M1 basis:
  [1, 0, 0, 0]
  [0, -w - 1, 0, 0]
  [0, 0, 1/2*w, 0]
  [0, 0, 0, 1]
R in E coordinate matrix:
[     1      0      0      1]
[     0      1      0      0]
[     0      0      1      0]
[     0      0      0 -w + 1]
Index ideal determinant: Fractional ideal (-w + 1)
Norm of index ideal [E:R]: 2
Every R-basis trace lies in pbar: True
Trace E -> O_K/pbar is nonzero/surjective: True
R = {x in E : tr(x) in pbar}, by containment and equal index 2.

GLOBAL J CERTIFICATE:
J fixes global M0 individually: True
J fixes global M1 individually: True
J normalizes global E: True
J normalizes global R directly: True
det(J) = -1
det(J) is a square in K: False

DETERMINANT CLASSES OF Gamma_009^+ GENERATORS:
  a^2 det = 1 square in K = True
  ab det = 1 square in K = True
  ba^-1 det = 16 square in K = True

========================================================================
CERTIFIED BY A SUCCESSFUL RUN
========================================================================
1. M0,M1 are the two exact GLOBAL maximal overorders of R.
2. E=M0 cap M1 globally and [E:R]=2.
3. R is the global trace-pbar kernel inside E.
4. J fixes M0,M1 individually and normalizes R globally.
5. [-1] occurs in delta(N_K^+(R)); it is not a square in K.
6. Gamma_009^+ lies in ker(delta).

STILL NOT CERTIFIED HERE
- the full determinant image delta(N_K^+(R))
- exhaustion of N_K^+(R) or its square-determinant subgroup
- either factor, or the product, in [N_K^+(R):Gamma_009^+]

========================================================================
SQUARE-DETERMINANT SIMULTANEOUS STABILIZER
========================================================================
relative lattice matrix t=d0^-1*d1 = [-w + 1, 0, 0, 1]
L1 in the M0 frame is pi_pbar*O_K e1 + O_K e2.
For A=[[a,b],[c,d]] in SL_2(O_K),
t^-1*A*t = [[a,b/pi_pbar],[pi_pbar*c,d]].
Therefore A preserves L1 exactly iff b lies in pbar.
Because det(A)=1, an order-stabilizing homothety A*L1=alpha*L1
has alpha^2 a unit, hence alpha is a unit. Thus, modulo {+I,-I},
N^{+,0}=d0*Gamma^0(pbar)*d0^-1,
Gamma^0(pbar)={A in SL_2(O_K):A[0,1] in pbar}.

EXACT Gamma_009^+ GENERATORS IN THE M0 FRAME
  a^2 = [-2*w + 1, -w - 1, w - 1, w]   b in pbar = True
  ab = [-w + 2, -w - 1, -1, w]   b in pbar = True
  ba^-1 = [w, w - 1, -w + 1, -w + 2]   b in pbar = True

========================================================================
EXACT PSL_2(O_K) PRESENTATION AND MOD-pbar IWAHORI
========================================================================
[PSL_2(O_K):Gamma^0(pbar)] = 3

EXACT EUCLIDEAN WORDS FOR Gamma_009^+
  a^2 -> f1^-2*f2^-1*f3*f1^-1*f2^-1*f1*f3^-1 (Euclidean steps = 2 )
  ab -> f3*f1^-2*f2^-1*f3^-1 (Euclidean steps = 1 )
  ba^-1 -> f1^-1*f2^-1*f3*f1^-1*f2^-1*f1 (Euclidean steps = 2 )

========================================================================
GAP COSET EXHAUSTION
========================================================================
[Gamma^0(pbar):Gamma_009^+] = 2
explicit candidate x in M0 frame = T_(1-w) = [1, -w + 1, 0, 1]
explicit candidate x in global frame = [1, -w - 1, 0, 1]
[<Gamma_009^+,x>:Gamma_009^+] = 1
[Gamma^0(pbar):<Gamma_009^+,x>] = 2
x outside Gamma_009^+ = False

========================================================================
CERTIFIED CONCLUSION OF A SUCCESSFUL RUN
========================================================================
N^{+,0} = d0*Gamma^0(pbar)*d0^-1 exactly.
[N^{+,0}:Gamma_009^+] = 2
Using the separately certified determinant image of order 2:
[N_K^+(R):Gamma_009^+] = 4
