K = Number Field in w with defining polynomial x^2 - x + 2 with w = 0.50000000000000000? + 1.322875655532296?*I
O_K = Maximal Order generated by w in Number Field in w with defining polynomial x^2 - x + 2 with w = 0.50000000000000000? + 1.322875655532296?*I
pbar = (1-w), norm = 2
class number = 1
Exact global R basis:
  [1, 0, 0, 1]
  [0, -w - 1, 0, 0]
  [0, 0, 1/2*w, 0]
  [0, 0, 0, -w + 1]

Candidate global M0 basis:
  [1, 0, 0, 0]
  [0, -w + 1, 0, 0]
  [0, 0, 1/2*w, 0]
  [0, 0, 0, 1]
Candidate global M1 basis:
  [1, 0, 0, 0]
  [0, -w - 1, 0, 0]
  [0, 0, 1/4*w - 1/2, 0]
  [0, 0, 0, 1]

R subset M0 globally (exact O_K lattice): True
R subset M1 globally (exact O_K lattice): True

Exact global E=M0 intersection M1 basis:
  [1, 0, 0, 0]
  [0, -w - 1, 0, 0]
  [0, 0, 1/2*w, 0]
  [0, 0, 0, 1]
R in E coordinate matrix:
[     1      0      0      1]
[     0      1      0      0]
[     0      0      1      0]
[     0      0      0 -w + 1]
Index ideal determinant: Fractional ideal (-w + 1)
Norm of index ideal [E:R]: 2
Every R-basis trace lies in pbar: True
Trace E -> O_K/pbar is nonzero/surjective: True
R = {x in E : tr(x) in pbar}, by containment and equal index 2.

GLOBAL J CERTIFICATE:
J fixes global M0 individually: True
J fixes global M1 individually: True
J normalizes global E: True
J normalizes global R directly: True
det(J) = -1
det(J) is a square in K: False

DETERMINANT CLASSES OF Gamma_009^+ GENERATORS:
  a^2 det = 1 square in K = True
  ab det = 1 square in K = True
  ba^-1 det = 16 square in K = True

========================================================================
CERTIFIED BY A SUCCESSFUL RUN
========================================================================
1. M0,M1 are the two exact GLOBAL maximal overorders of R.
2. E=M0 cap M1 globally and [E:R]=2.
3. R is the global trace-pbar kernel inside E.
4. J fixes M0,M1 individually and normalizes R globally.
5. [-1] occurs in delta(N_K^+(R)); it is not a square in K.
6. Gamma_009^+ lies in ker(delta).

STILL NOT CERTIFIED HERE
- the full determinant image delta(N_K^+(R))
- exhaustion of N_K^+(R) or its square-determinant subgroup
- either factor, or the product, in [N_K^+(R):Gamma_009^+]

========================================================================
DETERMINANT-IMAGE SUPPORT: EXACT GLOBAL FIELD FACTS
========================================================================
signature(K) = (0, 1)
class_number(K) = 1
number_of_roots_of_unity(K) = 2
-1 is a square in K = False

========================================================================
EXHAUSTION PROOF
========================================================================

Let L0=d0*O_K^2, so M0=End_O_K(L0).  If [g] in PGL_2(K)
normalizes M0, then gL0 is an M0-stable lattice.  Matrix units show
that every M0-stable full lattice has the form I*L0 for a fractional
O_K-ideal I.  Since h(K)=1, I=alpha*O_K is principal.  Therefore
alpha^(-1)g preserves L0, and in the d0-frame it lies in GL_2(O_K).

Hence

  N_{PGL_2(K)}(M0) = d0 PGL_2(O_K) d0^(-1).

Conjugation by d0 and projective scalar rescaling do not change the
determinant squareclass.  Thus every element normalizing M0 has
determinant squareclass represented by det(A) for A in GL_2(O_K),
which is a global unit.

K is imaginary quadratic (signature (0,1)), so Dirichlet's unit
theorem says O_K^x is finite and equals its roots of unity.  The exact
root-of-unity count above is 2, hence O_K^x={+1,-1}.  Therefore

  delta(N_K^+(R)) subset { [1], [-1] },

because N_K^+(R) fixes M0 individually and is a subgroup of N(M0).
The identity realizes [1].  The already certified global element
J=diag(-1,1) fixes M0 and M1 individually, normalizes R, and realizes
[-1], which is nonsquare in K.  Both classes occur, completing the
upper- and lower-bound exhaustion.

========================================================================
CERTIFIED CONCLUSION
========================================================================
delta(N_K^+(R)) = { [1], [-1] }
|delta(N_K^+(R))| = 2

INDEX REDUCTION (assuming finiteness):
[N_K^+(R):Gamma_009^+] = 2 * [N^{+,0}:Gamma_009^+]

STILL OPEN:
[N^{+,0}:Gamma_009^+]
[N_K^+(R):Gamma_009^+] until the square-determinant factor is known
