
==============================================================================
Build the certified holonomy two ways: default vs explicit FG_ARGS
==============================================================================
default filled relators: ('ababAbbAb', 'abAbaabAbaBAB')
default rho relators:   ('ababAbbAb', 'abAbaabAbaBAB')
explicit rho relators:  ('abAAbabbb', 'abABAbabbbbabbbb')
default and explicit FG_ARGS give the SAME presentation? False

==============================================================================
STEP 1: phi(w) under default vs explicit generator basis
==============================================================================

-- default --
  phi(aaB) = -176.73108666595250001150344385392727833231239 deg   (eigenvalues: [-0.41947469505130445725326997219450930742823402 + 0.023958417045476273895141731788693828519853923*I, -2.3761825515557788227050117768612835789099336 - 0.13571634527177955967757166239051613843002997*I])
  phi(baa) = -167.36199100814717598081351248541696834688850 deg   (eigenvalues: [-0.35956810210115964821257425465539370179612888 + 0.080623479415511628539206274296491372410855547*I, -2.6479842572770195727703546051401417571469210 - 0.59373927501252649942004718797150530917861033*I])

-- explicit_FG_ARGS --
  phi(aaB) = 135.39892984536801643172463209586177236720206 deg   (eigenvalues: [-0.29038152211603007331569385740532851514217327 - 0.28636577384252429317058191715616999317717273*I, -1.7458494279154959176155251232565035479638027 + 1.7217057021892036350113261433669720190664520*I])
  phi(baa) = 168.55610731678125279622777775031772722385954 deg   (eigenvalues: [-0.40271594906512505357572793973641722686807043 - 0.081522881161774958245808293810785727373513510*I, -2.3853889381637790054538350581481154222274199 + 0.48288074853248654332558455204438274677158915*I])

==============================================================================
STEP 2: reproduce delta_HFG under BOTH conventions
==============================================================================
[default] phi(aaB)=-176.7310866659525 deg, phi(baa)=-167.36199100814719 deg,  delta_HFG = 180+phi(aaB)+phi(baa) = -164.093077674100 deg,  mod 360 = 195.906922325900 deg
[explicit_FG_ARGS] phi(aaB)=135.39892984536803 deg, phi(baa)=168.55610731678127 deg,  delta_HFG = 180+phi(aaB)+phi(baa) = 483.955037162149 deg,  mod 360 = 123.955037162149 deg
(manuscript claims 195.91 deg)

==============================================================================
STEP 3: word-inverse convention -- phi(w^-1) vs phi(w)
==============================================================================
  w=aaB  winv=bAA
    phi(w)    = 2.3631571294784886656720291167804251659527816 deg   dominant eigval = -1.7458494279154959176155251232565035479638027 + 1.7217057021892036350113261433669720190664520*I
    phi(winv) = 2.3631571294784886656720291167804251659527816 deg   dominant eigval = -1.7458494279154959176155251232565035479638027 + 1.7217057021892036350113261433669720190664520*I
    phi(w)+phi(winv) = 4.7263142589569773313440582335608503319055632 deg  (0 if equal-and-opposite)
    phi(w)-phi(winv) = 0.00000000000000000000000000000000000000000000 deg  (0 if equal, i.e. NOT antisymmetric)
  w=baa  winv=AAB
    phi(w)    = 2.9418590470227376654988120404486523616430693 deg   dominant eigval = -2.3853889381637790054538350581481154222274199 + 0.48288074853248654332558455204438274677158915*I
    phi(winv) = 2.9418590470227376654988120404486523616430693 deg   dominant eigval = -2.3853889381637790054538350581481154222274199 + 0.48288074853248654332558455204438274677158915*I
    phi(w)+phi(winv) = 5.8837180940454753309976240808973047232861386 deg  (0 if equal-and-opposite)
    phi(w)-phi(winv) = 0.00000000000000000000000000000000000000000000 deg  (0 if equal, i.e. NOT antisymmetric)

==============================================================================
STEP 4: central sign twist rho(w) -> -rho(w) -- does phi shift by 180deg?
==============================================================================
  w=aaB: phi(+rho(w)) = 2.3631571294784886656720291167804251659527816 deg,  phi(-rho(w)) = -0.77843552411130457279061426649907771824438781 deg,  shift = -3.1415926535897932384626433832795028841971694 deg
  w=baa: phi(+rho(w)) = 2.9418590470227376654988120404486523616430693 deg,  phi(-rho(w)) = -0.19973360656705557296383134283085052255410012 deg,  shift = -3.1415926535897932384626433832795028841971694 deg

==============================================================================
STEP 5: conjugation invariance -- rho -> g rho g^-1 for fixed g
==============================================================================
  w=aaB: phi(rho(w)) = 2.3631571294784886656720291167804251659527816 deg,  phi(g*rho(w)*g^-1) = 2.3631571294784886656720291167804251659527816 deg,  diff = 0.00000000000000000000000000000000000000000000 deg
  w=baa: phi(rho(w)) = 2.9418590470227376654988120404486523616430693 deg,  phi(g*rho(w)*g^-1) = 2.9418590470227376654988120404486523616430693 deg,  diff = 0.00000000000000000000000000000000000000000000 deg

CP INVARIANCE AUDIT: SEE ABOVE FOR EACH RESULT
SAGE_EXIT=0
