
==============================================================================
m003 exact presentation (from SnapPy, verified this session)
==============================================================================
relator = abAAbabbb  mu = ABABB  longitude = ABAbab
filled ideal generators (pure x,y,z): [z^2 + x + y - 1, y*z - x - z, x*z + 1, y^2 - y + z - 1, x*y - x - y - z + 1, x^2 + y - 1]

==============================================================================
GATE F3/F4 SETUP: the reduced character algebra
==============================================================================
dim_Q(R/I_filled) = 4
R/I_filled is radical (no nilpotents)? True
R/I_filled is prime (an integral domain)? True

A finite-dimensional integral domain over a field is automatically
a field. So R/I_filled IS a number field of degree 4 -- no
localization or nilpotent quotient needed (unlike CKM's B_red
construction), since there is nothing here to quotient away.

==============================================================================
GATE F3: upper inclusion k_inv(M_PMNS) subset K
==============================================================================
exact minimal polynomial of x=tr(a): T^4 - T^3 - 1
K = Q(x), [K:Q] = 4  disc(K) = -283

Since R/I_filled has dimension exactly [K:Q]=4 over Q and is a
field, and x already generates a degree-4 subfield, R/I_filled
= Q(x) = K exactly (equal Q-dimensions force equality).

For a two-generator SL2 representation, every word trace is a
Fricke polynomial in x,y,z (standard fact, same argument used for
CKM). At the geometric point, x,y,z all lie in the coordinate ring
R/I_filled = K. Hence every trace, and so every SQUARED trace, lies
in K:

   k_inv(M_PMNS) = Q(tr^2 rho(g) : g in pi_1) SUBSET K.

==============================================================================
GATE F4: lower inclusion K subset k_inv(M_PMNS)
==============================================================================
x^2 = tr^2(rho(a)) -- manifestly an element of k_inv(M_PMNS) by
definition (k_inv is generated by exactly such squared traces).
minimal polynomial of x^2 over Q: x^4 - x^3 - 2*x^2 + 1
[Q(x^2):Q] = 4 = [K:Q] = 4
Q(x^2) subset Q(x)=K and both have Q-dimension 4, hence equal: True

So Q(x^2) = Q(x) = K, and since x^2 in k_inv(M_PMNS):

   K = Q(x^2) SUBSET k_inv(M_PMNS).

==============================================================================
GATE F1/F2 re-confirmation (already certified in
==============================================================================
pmns_itf_certificate.sage; re-derived here for a self-contained
record)
verify_hyperbolicity(holonomy=True, bits_prec=300) = True
certified T_a = tr(rho('a')) = 0.219447472149275162013134748259847581265935565497474970127954460978089517606114922065879? + 0.914473662967726455938616209852417147249606586687462653574089007164530970875079772096583?*I
interval-Newton contraction on p_x at the certified T_a box: True

==============================================================================
FULL FOUR-GATE CERTIFICATE SUMMARY
==============================================================================
Gate F1 (presentation-only elimination): PASS (pmns_itf_certificate.sage)
Gate F2 (certified geometric root, interval-Newton): PASS (re-confirmed here)
Gate F3 (upper inclusion, k_inv subset K): PASS
  R/I_filled is reduced, prime, dim_Q=4 -- IS the field K, no
  localization needed; every trace lies in it by Fricke algebra.
Gate F4 (lower inclusion, K subset k_inv): PASS
  x^2 in k_inv by definition; [Q(x^2):Q]=4=[K:Q] so Q(x^2)=K.

CONCLUSION:

   k_inv(m003(-2,3)) = K,  [K:Q] = 4,  disc(K) = -283

matching the historically-claimed K283 = Q[t]/(t^4+t^3-1) as an
abstract field (disc -283, isomorphic -- established earlier this
session), now proved by the complete CKM-style four-gate chain --
no algdep, no PSLQ, no numerical polynomial recognition anywhere.

PMNS ITF FOUR-GATE CERTIFICATE: PASS
SAGE_EXIT=0
