# Provenance: raw stdout from `python3 hfg_reproduce.py`, run live on
# Sep 2 2026 from C:\dev\hyperbolic-flavor-scan (a separate sibling repo,
# not this one -- github.com/drmlgentry/hyperbolic-flavor-scan, cited in
# both manuscripts' Data Availability sections). Copied here verbatim as
# the provenance record for tracing the PMNS fitness 0.005087 vs 0.019
# discrepancy; see MASTER_GAP_REPORT.md for the full trace. Script itself
# lives in that other repo, not duplicated here.
=================================================================
HFG MIXING MATRICES -- CANONICAL REPRODUCIBILITY SCRIPT
=================================================================
PMNS: m003  vol=0.981369
      isosig: cPcbbbdxm_BaBb(-2,3)
CKM:  m006   vol=2.028853
      isosig: dLQacccjnjs_aBbB(-5,2)

PMNS words: ['aa', 'aaB', 'baa']  method: Borel Nelder-Mead (column permutation)
Fitness vs PDG 2024: 0.005087  (target: 0.005087)
[[0.823355 0.548538 0.145577]
 [0.284137 0.620475 0.730942]
 [0.491276 0.560461 0.666732]]
Angles: θ12=33.67°  θ23=47.63°  θ13=8.37°
PDG:    θ12=33.65°   θ23=47.64°   θ13=8.57°

CKM  words: ['aaB', 'AbA', 'AAb']  method: Gaussian kernel sigma=0.49
Fitness vs PDG 2024: 0.016482  (target: 0.016482)
[[0.974394 0.22458  0.010966]
 [0.223807 0.973416 0.048709]
 [0.021614 0.045007 0.998753]]

=================================================================
ENVIRONMENT
=================================================================
Python: 3.13.14
NumPy:  2.5.1
SciPy:  1.18.0
SnapPy: 3.3.2
